Component: ARM Compiler 6.13.1 Tool: armlink [5d895400]

==============================================================================

Section Cross References

    startup_stm32f767xx.o(RESET) refers to startup_stm32f767xx.o(STACK) for __initial_sp
    startup_stm32f767xx.o(RESET) refers to startup_stm32f767xx.o(.text) for Reset_Handler
    startup_stm32f767xx.o(RESET) refers to stm32f7xx_it.o(.text.NMI_Handler) for NMI_Handler
    startup_stm32f767xx.o(RESET) refers to stm32f7xx_it.o(.text.HardFault_Handler) for HardFault_Handler
    startup_stm32f767xx.o(RESET) refers to stm32f7xx_it.o(.text.MemManage_Handler) for MemManage_Handler
    startup_stm32f767xx.o(RESET) refers to stm32f7xx_it.o(.text.BusFault_Handler) for BusFault_Handler
    startup_stm32f767xx.o(RESET) refers to stm32f7xx_it.o(.text.UsageFault_Handler) for UsageFault_Handler
    startup_stm32f767xx.o(RESET) refers to stm32f7xx_it.o(.text.SVC_Handler) for SVC_Handler
    startup_stm32f767xx.o(RESET) refers to stm32f7xx_it.o(.text.DebugMon_Handler) for DebugMon_Handler
    startup_stm32f767xx.o(RESET) refers to stm32f7xx_it.o(.text.PendSV_Handler) for PendSV_Handler
    startup_stm32f767xx.o(RESET) refers to stm32f7xx_it.o(.text.SysTick_Handler) for SysTick_Handler
    startup_stm32f767xx.o(RESET) refers to stm32f7xx_it.o(.text.TIM5_IRQHandler) for TIM5_IRQHandler
    startup_stm32f767xx.o(RESET) refers to stm32f7xx_it.o(.text.TIM6_DAC_IRQHandler) for TIM6_DAC_IRQHandler
    startup_stm32f767xx.o(.text) refers to system_stm32f7xx.o(.text.SystemInit) for SystemInit
    startup_stm32f767xx.o(.text) refers to entry.o(.ARM.Collect$$$$00000000) for __main
    main.o(.text.main) refers to stm32f7xx_hal.o(.text.HAL_Init) for HAL_Init
    main.o(.text.main) refers to main.o(.text.SystemClock_Config) for SystemClock_Config
    main.o(.text.main) refers to gpio.o(.text.MX_GPIO_Init) for MX_GPIO_Init
    main.o(.text.main) refers to tim.o(.text.MX_TIM5_Init) for MX_TIM5_Init
    main.o(.text.main) refers to tim.o(.text.MX_TIM6_Init) for MX_TIM6_Init
    main.o(.text.main) refers to usart.o(.text.MX_USART1_UART_Init) for MX_USART1_UART_Init
    main.o(.text.main) refers to stm32f7xx_hal_gpio.o(.text.HAL_GPIO_TogglePin) for HAL_GPIO_TogglePin
    main.o(.text.main) refers to gpio.o(.text.Sonic_Trig) for Sonic_Trig
    main.o(.text.main) refers to printf1.o(i.__0printf$1) for __2printf
    main.o(.text.main) refers to stm32f7xx_hal.o(.text.HAL_Delay) for HAL_Delay
    main.o(.text.main) refers to tim.o(.bss..L_MergedGlobals) for Ultrasonic_us
    main.o(.ARM.exidx.text.main) refers to main.o(.text.main) for [Anonymous Symbol]
    main.o(.text.SystemClock_Config) refers to memseta.o(.text) for __aeabi_memclr4
    main.o(.text.SystemClock_Config) refers to stm32f7xx_hal_rcc.o(.text.HAL_RCC_OscConfig) for HAL_RCC_OscConfig
    main.o(.text.SystemClock_Config) refers to stm32f7xx_hal_pwr_ex.o(.text.HAL_PWREx_EnableOverDrive) for HAL_PWREx_EnableOverDrive
    main.o(.text.SystemClock_Config) refers to stm32f7xx_hal_rcc.o(.text.HAL_RCC_ClockConfig) for HAL_RCC_ClockConfig
    main.o(.text.SystemClock_Config) refers to stm32f7xx_hal_rcc_ex.o(.text.HAL_RCCEx_PeriphCLKConfig) for HAL_RCCEx_PeriphCLKConfig
    main.o(.ARM.exidx.text.SystemClock_Config) refers to main.o(.text.SystemClock_Config) for [Anonymous Symbol]
    main.o(.ARM.exidx.text.Error_Handler) refers to main.o(.text.Error_Handler) for [Anonymous Symbol]
    gpio.o(.text.MX_GPIO_Init) refers to stm32f7xx_hal_gpio.o(.text.HAL_GPIO_WritePin) for HAL_GPIO_WritePin
    gpio.o(.text.MX_GPIO_Init) refers to stm32f7xx_hal_gpio.o(.text.HAL_GPIO_Init) for HAL_GPIO_Init
    gpio.o(.ARM.exidx.text.MX_GPIO_Init) refers to gpio.o(.text.MX_GPIO_Init) for [Anonymous Symbol]
    gpio.o(.text.Sonic_Trig) refers to stm32f7xx_hal_gpio.o(.text.HAL_GPIO_WritePin) for HAL_GPIO_WritePin
    gpio.o(.text.Sonic_Trig) refers to tim.o(.text.Delay_us) for Delay_us
    gpio.o(.ARM.exidx.text.Sonic_Trig) refers to gpio.o(.text.Sonic_Trig) for [Anonymous Symbol]
    tim.o(.text.MX_TIM5_Init) refers to stm32f7xx_hal_tim.o(.text.HAL_TIM_Base_Init) for HAL_TIM_Base_Init
    tim.o(.text.MX_TIM5_Init) refers to main.o(.text.Error_Handler) for Error_Handler
    tim.o(.text.MX_TIM5_Init) refers to stm32f7xx_hal_tim.o(.text.HAL_TIM_ConfigClockSource) for HAL_TIM_ConfigClockSource
    tim.o(.text.MX_TIM5_Init) refers to stm32f7xx_hal_tim.o(.text.HAL_TIM_IC_Init) for HAL_TIM_IC_Init
    tim.o(.text.MX_TIM5_Init) refers to stm32f7xx_hal_tim_ex.o(.text.HAL_TIMEx_MasterConfigSynchronization) for HAL_TIMEx_MasterConfigSynchronization
    tim.o(.text.MX_TIM5_Init) refers to stm32f7xx_hal_tim.o(.text.HAL_TIM_IC_ConfigChannel) for HAL_TIM_IC_ConfigChannel
    tim.o(.text.MX_TIM5_Init) refers to stm32f7xx_hal_tim.o(.text.HAL_TIM_IC_Start_IT) for HAL_TIM_IC_Start_IT
    tim.o(.text.MX_TIM5_Init) refers to tim.o(.bss..L_MergedGlobals) for [Anonymous Symbol]
[...]
    Removing stm32f7xx_hal_i2c.o(.ARM.exidx.text.HAL_I2C_GetMode), (8 bytes).
    Removing stm32f7xx_hal_i2c.o(.text.HAL_I2C_GetError), (4 bytes).
    Removing stm32f7xx_hal_i2c.o(.ARM.exidx.text.HAL_I2C_GetError), (8 bytes).
    Removing stm32f7xx_hal_i2c.o(.text.I2C_Flush_TXDR), (28 bytes).
    Removing stm32f7xx_hal_i2c.o(.ARM.exidx.text.I2C_Flush_TXDR), (8 bytes).
    Removing stm32f7xx_hal_i2c.o(.text.I2C_ITMasterSeqCplt), (80 bytes).
    Removing stm32f7xx_hal_i2c.o(.ARM.exidx.text.I2C_ITMasterSeqCplt), (8 bytes).
    Removing stm32f7xx_hal_i2c.o(.text.I2C_ITMasterCplt), (232 bytes).
    Removing stm32f7xx_hal_i2c.o(.ARM.exidx.text.I2C_ITMasterCplt), (8 bytes).
    Removing stm32f7xx_hal_i2c.o(.text.I2C_ITSlaveCplt), (304 bytes).
    Removing stm32f7xx_hal_i2c.o(.ARM.exidx.text.I2C_ITSlaveCplt), (8 bytes).
    Removing stm32f7xx_hal_i2c.o(.text.I2C_ITListenCplt), (100 bytes).
    Removing stm32f7xx_hal_i2c.o(.ARM.exidx.text.I2C_ITListenCplt), (8 bytes).
    Removing stm32f7xx_hal_i2c.o(.text.I2C_ITSlaveSeqCplt), (124 bytes).
    Removing stm32f7xx_hal_i2c.o(.ARM.exidx.text.I2C_ITSlaveSeqCplt), (8 bytes).
    Removing stm32f7xx_hal_i2c.o(.text.I2C_ITAddrCplt), (150 bytes).
    Removing stm32f7xx_hal_i2c.o(.ARM.exidx.text.I2C_ITAddrCplt), (8 bytes).
    Removing stm32f7xx_hal_i2c.o(.text.I2C_TreatErrorCallback), (38 bytes).
    Removing stm32f7xx_hal_i2c.o(.ARM.exidx.text.I2C_TreatErrorCallback), (8 bytes).
    Removing stm32f7xx_hal_i2c.o(.text.I2C_IsAcknowledgeFailed), (108 bytes).
    Removing stm32f7xx_hal_i2c.o(.ARM.exidx.text.I2C_IsAcknowledgeFailed), (8 bytes).
    Removing stm32f7xx_hal_i2c_ex.o(.text), (0 bytes).
    Removing stm32f7xx_hal_i2c_ex.o(.text.HAL_I2CEx_ConfigAnalogFilter), (74 bytes).
    Removing stm32f7xx_hal_i2c_ex.o(.ARM.exidx.text.HAL_I2CEx_ConfigAnalogFilter), (8 bytes).
    Removing stm32f7xx_hal_i2c_ex.o(.text.HAL_I2CEx_ConfigDigitalFilter), (72 bytes).
    Removing stm32f7xx_hal_i2c_ex.o(.ARM.exidx.text.HAL_I2CEx_ConfigDigitalFilter), (8 bytes).
    Removing stm32f7xx_hal_i2c_ex.o(.text.HAL_I2CEx_EnableFastModePlus), (44 bytes).
    Removing stm32f7xx_hal_i2c_ex.o(.ARM.exidx.text.HAL_I2CEx_EnableFastModePlus), (8 bytes).
    Removing stm32f7xx_hal_i2c_ex.o(.text.HAL_I2CEx_DisableFastModePlus), (44 bytes).
    Removing stm32f7xx_hal_i2c_ex.o(.ARM.exidx.text.HAL_I2CEx_DisableFastModePlus), (8 bytes).
    Removing stm32f7xx_hal_exti.o(.text), (0 bytes).
    Removing stm32f7xx_hal_exti.o(.text.HAL_EXTI_SetConfigLine), (168 bytes).
    Removing stm32f7xx_hal_exti.o(.ARM.exidx.text.HAL_EXTI_SetConfigLine), (8 bytes).
    Removing stm32f7xx_hal_exti.o(.text.HAL_EXTI_GetConfigLine), (136 bytes).
    Removing stm32f7xx_hal_exti.o(.ARM.exidx.text.HAL_EXTI_GetConfigLine), (8 bytes).
    Removing stm32f7xx_hal_exti.o(.text.HAL_EXTI_ClearConfigLine), (108 bytes).
    Removing stm32f7xx_hal_exti.o(.ARM.exidx.text.HAL_EXTI_ClearConfigLine), (8 bytes).
    Removing stm32f7xx_hal_exti.o(.text.HAL_EXTI_RegisterCallback), (12 bytes).
    Removing stm32f7xx_hal_exti.o(.ARM.exidx.text.HAL_EXTI_RegisterCallback), (8 bytes).
    Removing stm32f7xx_hal_exti.o(.text.HAL_EXTI_GetHandle), (12 bytes).
    Removing stm32f7xx_hal_exti.o(.ARM.exidx.text.HAL_EXTI_GetHandle), (8 bytes).
    Removing stm32f7xx_hal_exti.o(.text.HAL_EXTI_IRQHandler), (36 bytes).
    Removing stm32f7xx_hal_exti.o(.ARM.exidx.text.HAL_EXTI_IRQHandler), (8 bytes).
    Removing stm32f7xx_hal_exti.o(.text.HAL_EXTI_GetPending), (28 bytes).
    Removing stm32f7xx_hal_exti.o(.ARM.exidx.text.HAL_EXTI_GetPending), (8 bytes).
    Removing stm32f7xx_hal_exti.o(.text.HAL_EXTI_ClearPending), (24 bytes).
    Removing stm32f7xx_hal_exti.o(.ARM.exidx.text.HAL_EXTI_ClearPending), (8 bytes).
    Removing stm32f7xx_hal_exti.o(.text.HAL_EXTI_GenerateSWI), (24 bytes).
    Removing stm32f7xx_hal_exti.o(.ARM.exidx.text.HAL_EXTI_GenerateSWI), (8 bytes).
    Removing stm32f7xx_hal_uart.o(.text), (0 bytes).
    Removing stm32f7xx_hal_uart.o(.ARM.exidx.text.HAL_UART_Init), (8 bytes).
    Removing stm32f7xx_hal_uart.o(.text.HAL_UART_MspInit), (2 bytes).
    Removing stm32f7xx_hal_uart.o(.ARM.exidx.text.HAL_UART_MspInit), (8 bytes).
    Removing stm32f7xx_hal_uart.o(.ARM.exidx.text.UART_SetConfig), (8 bytes).
    Removing stm32f7xx_hal_uart.o(.ARM.exidx.text.UART_AdvFeatureConfig), (8 bytes).
    Removing stm32f7xx_hal_uart.o(.ARM.exidx.text.UART_CheckIdleState), (8 bytes).
    Removing stm32f7xx_hal_uart.o(.text.HAL_HalfDuplex_Init), (104 bytes).
    Removing stm32f7xx_hal_uart.o(.ARM.exidx.text.HAL_HalfDuplex_Init), (8 bytes).
    Removing stm32f7xx_hal_uart.o(.text.HAL_LIN_Init), (128 bytes).
    Removing stm32f7xx_hal_uart.o(.ARM.exidx.text.HAL_LIN_Init), (8 bytes).
    Removing stm32f7xx_hal_uart.o(.text.HAL_MultiProcessor_Init), (128 bytes).
    Removing stm32f7xx_hal_uart.o(.ARM.exidx.text.HAL_MultiProcessor_Init), (8 bytes).
    Removing stm32f7xx_hal_uart.o(.text.HAL_UART_DeInit), (56 bytes).
    Removing stm32f7xx_hal_uart.o(.ARM.exidx.text.HAL_UART_DeInit), (8 bytes).
    Removing stm32f7xx_hal_uart.o(.text.HAL_UART_MspDeInit), (2 bytes).
    Removing stm32f7xx_hal_uart.o(.ARM.exidx.text.HAL_UART_MspDeInit), (8 bytes).
    Removing stm32f7xx_hal_uart.o(.ARM.exidx.text.HAL_UART_Transmit), (8 bytes).
    Removing stm32f7xx_hal_uart.o(.ARM.exidx.text.UART_WaitOnFlagUntilTimeout), (8 bytes).
    Removing stm32f7xx_hal_uart.o(.text.HAL_UART_Receive), (228 bytes).
    Removing stm32f7xx_hal_uart.o(.ARM.exidx.text.HAL_UART_Receive), (8 bytes).
    Removing stm32f7xx_hal_uart.o(.text.HAL_UART_Transmit_IT), (100 bytes).
    Removing stm32f7xx_hal_uart.o(.ARM.exidx.text.HAL_UART_Transmit_IT), (8 bytes).
    Removing stm32f7xx_hal_uart.o(.text.UART_TxISR_16BIT), (60 bytes).
    Removing stm32f7xx_hal_uart.o(.ARM.exidx.text.UART_TxISR_16BIT), (8 bytes).
    Removing stm32f7xx_hal_uart.o(.text.UART_TxISR_8BIT), (56 bytes).
    Removing stm32f7xx_hal_uart.o(.ARM.exidx.text.UART_TxISR_8BIT), (8 bytes).
    Removing stm32f7xx_hal_uart.o(.text.HAL_UART_Receive_IT), (62 bytes).
    Removing stm32f7xx_hal_uart.o(.ARM.exidx.text.HAL_UART_Receive_IT), (8 bytes).
    Removing stm32f7xx_hal_uart.o(.text.UART_Start_Receive_IT), (132 bytes).
    Removing stm32f7xx_hal_uart.o(.ARM.exidx.text.UART_Start_Receive_IT), (8 bytes).
    Removing stm32f7xx_hal_uart.o(.text.HAL_UART_Transmit_DMA), (136 bytes).
    Removing stm32f7xx_hal_uart.o(.ARM.exidx.text.HAL_UART_Transmit_DMA), (8 bytes).
    Removing stm32f7xx_hal_uart.o(.text.UART_DMATransmitCplt), (40 bytes).
    Removing stm32f7xx_hal_uart.o(.ARM.exidx.text.UART_DMATransmitCplt), (8 bytes).
    Removing stm32f7xx_hal_uart.o(.text.UART_DMATxHalfCplt), (6 bytes).
    Removing stm32f7xx_hal_uart.o(.ARM.exidx.text.UART_DMATxHalfCplt), (8 bytes).
    Removing stm32f7xx_hal_uart.o(.text.UART_DMAError), (86 bytes).
    Removing stm32f7xx_hal_uart.o(.ARM.exidx.text.UART_DMAError), (8 bytes).
    Removing stm32f7xx_hal_uart.o(.text.HAL_UART_Receive_DMA), (62 bytes).
    Removing stm32f7xx_hal_uart.o(.ARM.exidx.text.HAL_UART_Receive_DMA), (8 bytes).
    Removing stm32f7xx_hal_uart.o(.text.UART_Start_Receive_DMA), (120 bytes).
    Removing stm32f7xx_hal_uart.o(.ARM.exidx.text.UART_Start_Receive_DMA), (8 bytes).
    Removing stm32f7xx_hal_uart.o(.text.HAL_UART_DMAPause), (92 bytes).
    Removing stm32f7xx_hal_uart.o(.ARM.exidx.text.HAL_UART_DMAPause), (8 bytes).
    Removing stm32f7xx_hal_uart.o(.text.HAL_UART_DMAResume), (80 bytes).
    Removing stm32f7xx_hal_uart.o(.ARM.exidx.text.HAL_UART_DMAResume), (8 bytes).
    Removing stm32f7xx_hal_uart.o(.text.HAL_UART_DMAStop), (126 bytes).
    Removing stm32f7xx_hal_uart.o(.ARM.exidx.text.HAL_UART_DMAStop), (8 bytes).
    Removing stm32f7xx_hal_uart.o(.text.UART_EndRxTransfer), (44 bytes).
    Removing stm32f7xx_hal_uart.o(.ARM.exidx.text.UART_EndRxTransfer), (8 bytes).
    Removing stm32f7xx_hal_uart.o(.text.HAL_UART_Abort), (160 bytes).
    Removing stm32f7xx_hal_uart.o(.ARM.exidx.text.HAL_UART_Abort), (8 bytes).
    Removing stm32f7xx_hal_uart.o(.text.HAL_UART_AbortTransmit), (74 bytes).
    Removing stm32f7xx_hal_uart.o(.ARM.exidx.text.HAL_UART_AbortTransmit), (8 bytes).
    Removing stm32f7xx_hal_uart.o(.text.HAL_UART_AbortReceive), (112 bytes).
    Removing stm32f7xx_hal_uart.o(.ARM.exidx.text.HAL_UART_AbortReceive), (8 bytes).
    Removing stm32f7xx_hal_uart.o(.text.HAL_UART_Abort_IT), (192 bytes).
    Removing stm32f7xx_hal_uart.o(.ARM.exidx.text.HAL_UART_Abort_IT), (8 bytes).
    Removing stm32f7xx_hal_uart.o(.text.UART_DMATxAbortCallback), (48 bytes).
    Removing stm32f7xx_hal_uart.o(.ARM.exidx.text.UART_DMATxAbortCallback), (8 bytes).
    Removing stm32f7xx_hal_uart.o(.text.UART_DMARxAbortCallback), (56 bytes).
    Removing stm32f7xx_hal_uart.o(.ARM.exidx.text.UART_DMARxAbortCallback), (8 bytes).
    Removing stm32f7xx_hal_uart.o(.text.HAL_UART_AbortCpltCallback), (2 bytes).
    Removing stm32f7xx_hal_uart.o(.ARM.exidx.text.HAL_UART_AbortCpltCallback), (8 bytes).
    Removing stm32f7xx_hal_uart.o(.text.HAL_UART_AbortTransmit_IT), (76 bytes).
    Removing stm32f7xx_hal_uart.o(.ARM.exidx.text.HAL_UART_AbortTransmit_IT), (8 bytes).
    Removing stm32f7xx_hal_uart.o(.text.UART_DMATxOnlyAbortCallback), (16 bytes).
    Removing stm32f7xx_hal_uart.o(.ARM.exidx.text.UART_DMATxOnlyAbortCallback), (8 bytes).
    Removing stm32f7xx_hal_uart.o(.text.HAL_UART_AbortTransmitCpltCallback), (2 bytes).
    Removing stm32f7xx_hal_uart.o(.ARM.exidx.text.HAL_UART_AbortTransmitCpltCallback), (8 bytes).
    Removing stm32f7xx_hal_uart.o(.text.HAL_UART_AbortReceive_IT), (124 bytes).
    Removing stm32f7xx_hal_uart.o(.ARM.exidx.text.HAL_UART_AbortReceive_IT), (8 bytes).
    Removing stm32f7xx_hal_uart.o(.text.UART_DMARxOnlyAbortCallback), (32 bytes).
    Removing stm32f7xx_hal_uart.o(.ARM.exidx.text.UART_DMARxOnlyAbortCallback), (8 bytes).
    Removing stm32f7xx_hal_uart.o(.text.HAL_UART_AbortReceiveCpltCallback), (2 bytes).
    Removing stm32f7xx_hal_uart.o(.ARM.exidx.text.HAL_UART_AbortReceiveCpltCallback), (8 bytes).
    Removing stm32f7xx_hal_uart.o(.text.HAL_UART_IRQHandler), (584 bytes).
    Removing stm32f7xx_hal_uart.o(.ARM.exidx.text.HAL_UART_IRQHandler), (8 bytes).
    Removing stm32f7xx_hal_uart.o(.text.UART_DMAAbortOnError), (16 bytes).
    Removing stm32f7xx_hal_uart.o(.ARM.exidx.text.UART_DMAAbortOnError), (8 bytes).
    Removing stm32f7xx_hal_uart.o(.text.HAL_UART_ErrorCallback), (2 bytes).
    Removing stm32f7xx_hal_uart.o(.ARM.exidx.text.HAL_UART_ErrorCallback), (8 bytes).
    Removing stm32f7xx_hal_uart.o(.text.HAL_UARTEx_RxEventCallback), (2 bytes).
    Removing stm32f7xx_hal_uart.o(.ARM.exidx.text.HAL_UARTEx_RxEventCallback), (8 bytes).
    Removing stm32f7xx_hal_uart.o(.text.HAL_UARTEx_WakeupCallback), (2 bytes).
    Removing stm32f7xx_hal_uart.o(.ARM.exidx.text.HAL_UARTEx_WakeupCallback), (8 bytes).
    Removing stm32f7xx_hal_uart.o(.text.HAL_UART_TxCpltCallback), (2 bytes).
    Removing stm32f7xx_hal_uart.o(.ARM.exidx.text.HAL_UART_TxCpltCallback), (8 bytes).
    Removing stm32f7xx_hal_uart.o(.text.HAL_UART_TxHalfCpltCallback), (2 bytes).
    Removing stm32f7xx_hal_uart.o(.ARM.exidx.text.HAL_UART_TxHalfCpltCallback), (8 bytes).
    Removing stm32f7xx_hal_uart.o(.text.HAL_UART_RxCpltCallback), (2 bytes).
    Removing stm32f7xx_hal_uart.o(.ARM.exidx.text.HAL_UART_RxCpltCallback), (8 bytes).
    Removing stm32f7xx_hal_uart.o(.text.HAL_UART_RxHalfCpltCallback), (2 bytes).
    Removing stm32f7xx_hal_uart.o(.ARM.exidx.text.HAL_UART_RxHalfCpltCallback), (8 bytes).
    Removing stm32f7xx_hal_uart.o(.text.HAL_UART_ReceiverTimeout_Config), (14 bytes).
    Removing stm32f7xx_hal_uart.o(.ARM.exidx.text.HAL_UART_ReceiverTimeout_Config), (8 bytes).
    Removing stm32f7xx_hal_uart.o(.text.HAL_UART_EnableReceiverTimeout), (46 bytes).
    Removing stm32f7xx_hal_uart.o(.ARM.exidx.text.HAL_UART_EnableReceiverTimeout), (8 bytes).
    Removing stm32f7xx_hal_uart.o(.text.HAL_UART_DisableReceiverTimeout), (46 bytes).
    Removing stm32f7xx_hal_uart.o(.ARM.exidx.text.HAL_UART_DisableReceiverTimeout), (8 bytes).
    Removing stm32f7xx_hal_uart.o(.text.HAL_MultiProcessor_EnableMuteMode), (40 bytes).
    Removing stm32f7xx_hal_uart.o(.ARM.exidx.text.HAL_MultiProcessor_EnableMuteMode), (8 bytes).
    Removing stm32f7xx_hal_uart.o(.text.HAL_MultiProcessor_DisableMuteMode), (40 bytes).
    Removing stm32f7xx_hal_uart.o(.ARM.exidx.text.HAL_MultiProcessor_DisableMuteMode), (8 bytes).
    Removing stm32f7xx_hal_uart.o(.text.HAL_MultiProcessor_EnterMuteMode), (12 bytes).
    Removing stm32f7xx_hal_uart.o(.ARM.exidx.text.HAL_MultiProcessor_EnterMuteMode), (8 bytes).
    Removing stm32f7xx_hal_uart.o(.text.HAL_HalfDuplex_EnableTransmitter), (48 bytes).
    Removing stm32f7xx_hal_uart.o(.ARM.exidx.text.HAL_HalfDuplex_EnableTransmitter), (8 bytes).
    Removing stm32f7xx_hal_uart.o(.text.HAL_HalfDuplex_EnableReceiver), (48 bytes).
    Removing stm32f7xx_hal_uart.o(.ARM.exidx.text.HAL_HalfDuplex_EnableReceiver), (8 bytes).
    Removing stm32f7xx_hal_uart.o(.text.HAL_LIN_SendBreak), (40 bytes).
    Removing stm32f7xx_hal_uart.o(.ARM.exidx.text.HAL_LIN_SendBreak), (8 bytes).
    Removing stm32f7xx_hal_uart.o(.text.HAL_UART_GetState), (8 bytes).
    Removing stm32f7xx_hal_uart.o(.ARM.exidx.text.HAL_UART_GetState), (8 bytes).
    Removing stm32f7xx_hal_uart.o(.text.HAL_UART_GetError), (6 bytes).
    Removing stm32f7xx_hal_uart.o(.ARM.exidx.text.HAL_UART_GetError), (8 bytes).
    Removing stm32f7xx_hal_uart.o(.text.UART_RxISR_16BIT), (118 bytes).
    Removing stm32f7xx_hal_uart.o(.ARM.exidx.text.UART_RxISR_16BIT), (8 bytes).
    Removing stm32f7xx_hal_uart.o(.text.UART_RxISR_8BIT), (122 bytes).
    Removing stm32f7xx_hal_uart.o(.ARM.exidx.text.UART_RxISR_8BIT), (8 bytes).
    Removing stm32f7xx_hal_uart.o(.text.UART_DMAReceiveCplt), (78 bytes).
    Removing stm32f7xx_hal_uart.o(.ARM.exidx.text.UART_DMAReceiveCplt), (8 bytes).
    Removing stm32f7xx_hal_uart.o(.text.UART_DMARxHalfCplt), (22 bytes).
    Removing stm32f7xx_hal_uart.o(.ARM.exidx.text.UART_DMARxHalfCplt), (8 bytes).
    Removing stm32f7xx_hal_uart_ex.o(.text), (0 bytes).
    Removing stm32f7xx_hal_uart_ex.o(.text.HAL_RS485Ex_Init), (120 bytes).
    Removing stm32f7xx_hal_uart_ex.o(.ARM.exidx.text.HAL_RS485Ex_Init), (8 bytes).
    Removing stm32f7xx_hal_uart_ex.o(.text.HAL_UARTEx_EnableClockStopMode), (32 bytes).
    Removing stm32f7xx_hal_uart_ex.o(.ARM.exidx.text.HAL_UARTEx_EnableClockStopMode), (8 bytes).
    Removing stm32f7xx_hal_uart_ex.o(.text.HAL_UARTEx_DisableClockStopMode), (32 bytes).
    Removing stm32f7xx_hal_uart_ex.o(.ARM.exidx.text.HAL_UARTEx_DisableClockStopMode), (8 bytes).
    Removing stm32f7xx_hal_uart_ex.o(.text.HAL_MultiProcessorEx_AddressLength_Set), (42 bytes).
    Removing stm32f7xx_hal_uart_ex.o(.ARM.exidx.text.HAL_MultiProcessorEx_AddressLength_Set), (8 bytes).
    Removing stm32f7xx_hal_uart_ex.o(.text.HAL_UARTEx_StopModeWakeUpSourceConfig), (128 bytes).
    Removing stm32f7xx_hal_uart_ex.o(.ARM.exidx.text.HAL_UARTEx_StopModeWakeUpSourceConfig), (8 bytes).
    Removing stm32f7xx_hal_uart_ex.o(.text.HAL_UARTEx_EnableStopMode), (32 bytes).
    Removing stm32f7xx_hal_uart_ex.o(.ARM.exidx.text.HAL_UARTEx_EnableStopMode), (8 bytes).
    Removing stm32f7xx_hal_uart_ex.o(.text.HAL_UARTEx_DisableStopMode), (32 bytes).
    Removing stm32f7xx_hal_uart_ex.o(.ARM.exidx.text.HAL_UARTEx_DisableStopMode), (8 bytes).
    Removing stm32f7xx_hal_uart_ex.o(.text.HAL_UARTEx_ReceiveToIdle), (308 bytes).
    Removing stm32f7xx_hal_uart_ex.o(.ARM.exidx.text.HAL_UARTEx_ReceiveToIdle), (8 bytes).
    Removing stm32f7xx_hal_uart_ex.o(.text.HAL_UARTEx_ReceiveToIdle_IT), (74 bytes).
    Removing stm32f7xx_hal_uart_ex.o(.ARM.exidx.text.HAL_UARTEx_ReceiveToIdle_IT), (8 bytes).
    Removing stm32f7xx_hal_uart_ex.o(.text.HAL_UARTEx_ReceiveToIdle_DMA), (74 bytes).
    Removing stm32f7xx_hal_uart_ex.o(.ARM.exidx.text.HAL_UARTEx_ReceiveToIdle_DMA), (8 bytes).
    Removing system_stm32f7xx.o(.text), (0 bytes).
    Removing system_stm32f7xx.o(.ARM.exidx.text.SystemInit), (8 bytes).
    Removing system_stm32f7xx.o(.text.SystemCoreClockUpdate), (108 bytes).
    Removing system_stm32f7xx.o(.ARM.exidx.text.SystemCoreClockUpdate), (8 bytes).
    Removing dadd.o(.text), (334 bytes).
    Removing dmul.o(.text), (228 bytes).
    Removing ddiv.o(.text), (222 bytes).
    Removing dfixul.o(.text), (48 bytes).
    Removing cdrcmple.o(.text), (48 bytes).
    Removing depilogue.o(.text), (186 bytes).

974 unused section(s) (total 47748 bytes) removed from the image.

==============================================================================

Image Symbol Table

    Local Symbols

    Symbol Name                              Value     Ov Type        Size  Object(Section)

    ../clib/microlib/division.c              0x00000000   Number         0  uldiv.o ABSOLUTE
    ../clib/microlib/division.c              0x00000000   Number         0  uidiv.o ABSOLUTE
    ../clib/microlib/init/entry.s            0x00000000   Number         0  entry.o ABSOLUTE
    ../clib/microlib/init/entry.s            0x00000000   Number         0  entry2.o ABSOLUTE
    ../clib/microlib/init/entry.s            0x00000000   Number         0  entry5.o ABSOLUTE
    ../clib/microlib/init/entry.s            0x00000000   Number         0  entry7a.o ABSOLUTE
    ../clib/microlib/init/entry.s            0x00000000   Number         0  entry7b.o ABSOLUTE
    ../clib/microlib/init/entry.s            0x00000000   Number         0  entry8a.o ABSOLUTE
    ../clib/microlib/init/entry.s            0x00000000   Number         0  entry8b.o ABSOLUTE
    ../clib/microlib/init/entry.s            0x00000000   Number         0  entry9a.o ABSOLUTE
    ../clib/microlib/init/entry.s            0x00000000   Number         0  entry9b.o ABSOLUTE
    ../clib/microlib/init/entry.s            0x00000000   Number         0  entry10a.o ABSOLUTE
    ../clib/microlib/init/entry.s            0x00000000   Number         0  entry10b.o ABSOLUTE
    ../clib/microlib/init/entry.s            0x00000000   Number         0  entry11a.o ABSOLUTE
    ../clib/microlib/init/entry.s            0x00000000   Number         0  entry11b.o ABSOLUTE
    ../clib/microlib/longlong.c              0x00000000   Number         0  llshl.o ABSOLUTE
    ../clib/microlib/longlong.c              0x00000000   Number         0  llushr.o ABSOLUTE
    ../clib/microlib/longlong.c              0x00000000   Number         0  llsshr.o ABSOLUTE
    ../clib/microlib/printf/printf.c         0x00000000   Number         0  printfb.o ABSOLUTE
    ../clib/microlib/printf/printf.c         0x00000000   Number         0  printf0.o ABSOLUTE
    ../clib/microlib/printf/printf.c         0x00000000   Number         0  printf1.o ABSOLUTE
    ../clib/microlib/printf/printf.c         0x00000000   Number         0  printf2.o ABSOLUTE
    ../clib/microlib/printf/printf.c         0x00000000   Number         0  printf3.o ABSOLUTE
    ../clib/microlib/printf/printf.c         0x00000000   Number         0  printf4.o ABSOLUTE
    ../clib/microlib/printf/printf.c         0x00000000   Number         0  printf5.o ABSOLUTE
    ../clib/microlib/printf/printf.c         0x00000000   Number         0  printf6.o ABSOLUTE
    ../clib/microlib/printf/printf.c         0x00000000   Number         0  printf7.o ABSOLUTE
    ../clib/microlib/printf/printf.c         0x00000000   Number         0  printf8.o ABSOLUTE
    ../clib/microlib/printf/printf.c         0x00000000   Number         0  printfa.o ABSOLUTE
    ../clib/microlib/printf/stubs.s          0x00000000   Number         0  printfstubs.o ABSOLUTE
    ../clib/microlib/stdio/streams.c         0x00000000   Number         0  stdout.o ABSOLUTE
    ../clib/microlib/string/memset.c         0x00000000   Number         0  memseta.o ABSOLUTE
    ../clib/microlib/stubs.s                 0x00000000   Number         0  iusefp.o ABSOLUTE
    ../fplib/microlib/fpadd.c                0x00000000   Number         0  dadd.o ABSOLUTE
    ../fplib/microlib/fpdiv.c                0x00000000   Number         0  ddiv.o ABSOLUTE
    ../fplib/microlib/fpepilogue.c           0x00000000   Number         0  depilogue.o ABSOLUTE
    ../fplib/microlib/fpfix.c                0x00000000   Number         0  dfixul.o ABSOLUTE
    ../fplib/microlib/fpmul.c                0x00000000   Number         0  dmul.o ABSOLUTE
    cdrcmple.s                               0x00000000   Number         0  cdrcmple.o ABSOLUTE
    dc.s                                     0x00000000   Number         0  dc.o ABSOLUTE
    gpio.c                                   0x00000000   Number         0  gpio.o ABSOLUTE
    handlers.s                               0x00000000   Number         0  handlers.o ABSOLUTE
    init.s                                   0x00000000   Number         0  init.o ABSOLUTE
    main.c                                   0x00000000   Number         0  main.o ABSOLUTE
    startup_stm32f767xx.s                    0x00000000   Number         0  startup_stm32f767xx.o ABSOLUTE
    stm32f7xx_hal.c                          0x00000000   Number         0  stm32f7xx_hal.o ABSOLUTE
    stm32f7xx_hal_cortex.c                   0x00000000   Number         0  stm32f7xx_hal_cortex.o ABSOLUTE
    stm32f7xx_hal_dma.c                      0x00000000   Number         0  stm32f7xx_hal_dma.o ABSOLUTE
    stm32f7xx_hal_dma_ex.c                   0x00000000   Number         0  stm32f7xx_hal_dma_ex.o ABSOLUTE
    stm32f7xx_hal_exti.c                     0x00000000   Number         0  stm32f7xx_hal_exti.o ABSOLUTE
    stm32f7xx_hal_flash.c                    0x00000000   Number         0  stm32f7xx_hal_flash.o ABSOLUTE
    stm32f7xx_hal_flash_ex.c                 0x00000000   Number         0  stm32f7xx_hal_flash_ex.o ABSOLUTE
    stm32f7xx_hal_gpio.c                     0x00000000   Number         0  stm32f7xx_hal_gpio.o ABSOLUTE
    stm32f7xx_hal_i2c.c                      0x00000000   Number         0  stm32f7xx_hal_i2c.o ABSOLUTE
    stm32f7xx_hal_i2c_ex.c                   0x00000000   Number         0  stm32f7xx_hal_i2c_ex.o ABSOLUTE
    stm32f7xx_hal_msp.c                      0x00000000   Number         0  stm32f7xx_hal_msp.o ABSOLUTE
    stm32f7xx_hal_pwr.c                      0x00000000   Number         0  stm32f7xx_hal_pwr.o ABSOLUTE
    stm32f7xx_hal_pwr_ex.c                   0x00000000   Number         0  stm32f7xx_hal_pwr_ex.o ABSOLUTE
    stm32f7xx_hal_rcc.c                      0x00000000   Number         0  stm32f7xx_hal_rcc.o ABSOLUTE
    stm32f7xx_hal_rcc_ex.c                   0x00000000   Number         0  stm32f7xx_hal_rcc_ex.o ABSOLUTE
    stm32f7xx_hal_tim.c                      0x00000000   Number         0  stm32f7xx_hal_tim.o ABSOLUTE
    stm32f7xx_hal_tim_ex.c                   0x00000000   Number         0  stm32f7xx_hal_tim_ex.o ABSOLUTE
    stm32f7xx_hal_uart.c                     0x00000000   Number         0  stm32f7xx_hal_uart.o ABSOLUTE
    stm32f7xx_hal_uart_ex.c                  0x00000000   Number         0  stm32f7xx_hal_uart_ex.o ABSOLUTE
    stm32f7xx_it.c                           0x00000000   Number         0  stm32f7xx_it.o ABSOLUTE
    system_stm32f7xx.c                       0x00000000   Number         0  system_stm32f7xx.o ABSOLUTE
    tim.c                                    0x00000000   Number         0  tim.o ABSOLUTE
    usart.c                                  0x00000000   Number         0  usart.o ABSOLUTE
    RESET                                    0x08000000   Section      504  startup_stm32f767xx.o(RESET)
    .ARM.Collect$$$$00000000                 0x080001f8   Section        0  entry.o(.ARM.Collect$$$$00000000)
    .ARM.Collect$$$$00000001                 0x080001f8   Section        4  entry2.o(.ARM.Collect$$$$00000001)
    .ARM.Collect$$$$00000004                 0x080001fc   Section        4  entry5.o(.ARM.Collect$$$$00000004)
    .ARM.Collect$$$$00000008                 0x08000200   Section        0  entry7b.o(.ARM.Collect$$$$00000008)
    .ARM.Collect$$$$0000000A                 0x08000200   Section        0  entry8b.o(.ARM.Collect$$$$0000000A)
    .ARM.Collect$$$$0000000B                 0x08000200   Section        8  entry9a.o(.ARM.Collect$$$$0000000B)
    __lit__00000000                          0x08000208   Data           4  entry2.o(.ARM.Collect$$$$00002712)
    .ARM.Collect$$$$0000000D                 0x08000208   Section        0  entry10a.o(.ARM.Collect$$$$0000000D)
    .ARM.Collect$$$$0000000F                 0x08000208   Section        0  entry11a.o(.ARM.Collect$$$$0000000F)
    .ARM.Collect$$$$00002712                 0x08000208   Section        4  entry2.o(.ARM.Collect$$$$00002712)
    $v0                                      0x0800020c   Number         0  startup_stm32f767xx.o(.text)
    .text                                    0x0800020c   Section       36  startup_stm32f767xx.o(.text)
    .text                                    0x08000230   Section        0  uldiv.o(.text)
    .text                                    0x08000292   Section        0  memseta.o(.text)
    .text                                    0x080002b6   Section        0  uidiv.o(.text)
    .text                                    0x080002e2   Section        0  llshl.o(.text)
    .text                                    0x08000300   Section        0  llushr.o(.text)
    .text                                    0x08000320   Section       36  init.o(.text)
    [Anonymous Symbol]                       0x08000344   Section        0  stm32f7xx_it.o(.text.BusFault_Handler)
    [Anonymous Symbol]                       0x08000346   Section        0  stm32f7xx_it.o(.text.DebugMon_Handler)
    [Anonymous Symbol]                       0x08000348   Section        0  tim.o(.text.Delay_us)
    __arm_cp.4_0                             0x0800036c   Number         4  tim.o(.text.Delay_us)
    [Anonymous Symbol]                       0x08000370   Section        0  main.o(.text.Error_Handler)
    [Anonymous Symbol]                       0x08000374   Section        0  stm32f7xx_hal.o(.text.HAL_Delay)
    [Anonymous Symbol]                       0x08000394   Section        0  stm32f7xx_hal_gpio.o(.text.HAL_GPIO_Init)
    __arm_cp.0_0                             0x08000514   Number         4  stm32f7xx_hal_gpio.o(.text.HAL_GPIO_Init)
    __arm_cp.0_1                             0x08000518   Number         4  stm32f7xx_hal_gpio.o(.text.HAL_GPIO_Init)
    __arm_cp.0_2                             0x0800051c   Number         4  stm32f7xx_hal_gpio.o(.text.HAL_GPIO_Init)
    __arm_cp.0_3                             0x08000520   Number         4  stm32f7xx_hal_gpio.o(.text.HAL_GPIO_Init)
    __arm_cp.0_4                             0x08000524   Number         4  stm32f7xx_hal_gpio.o(.text.HAL_GPIO_Init)
    __arm_cp.0_5                             0x08000528   Number         4  stm32f7xx_hal_gpio.o(.text.HAL_GPIO_Init)
    [Anonymous Symbol]                       0x0800052c   Section        0  stm32f7xx_hal_gpio.o(.text.HAL_GPIO_TogglePin)
    [Anonymous Symbol]                       0x0800053c   Section        0  stm32f7xx_hal_gpio.o(.text.HAL_GPIO_WritePin)
    [Anonymous Symbol]                       0x08000548   Section        0  stm32f7xx_hal.o(.text.HAL_GetTick)
    [Anonymous Symbol]                       0x08000550   Section        0  stm32f7xx_hal.o(.text.HAL_IncTick)
    __arm_cp.5_1                             0x08000560   Number         4  stm32f7xx_hal.o(.text.HAL_IncTick)
    [Anonymous Symbol]                       0x08000564   Section        0  stm32f7xx_hal.o(.text.HAL_Init)
    [Anonymous Symbol]                       0x0800057c   Section        0  stm32f7xx_hal.o(.text.HAL_InitTick)
    __arm_cp.1_0                             0x080005b4   Number         4  stm32f7xx_hal.o(.text.HAL_InitTick)
    __arm_cp.1_1                             0x080005b8   Number         4  stm32f7xx_hal.o(.text.HAL_InitTick)
    [Anonymous Symbol]                       0x080005bc   Section        0  stm32f7xx_hal_msp.o(.text.HAL_MspInit)
    [Anonymous Symbol]                       0x080005e8   Section        0  stm32f7xx_hal_cortex.o(.text.HAL_NVIC_EnableIRQ)
    __arm_cp.3_0                             0x08000600   Number         4  stm32f7xx_hal_cortex.o(.text.HAL_NVIC_EnableIRQ)
    [Anonymous Symbol]                       0x08000604   Section        0  stm32f7xx_hal_cortex.o(.text.HAL_NVIC_SetPriority)
    [Anonymous Symbol]                       0x0800063c   Section        0  stm32f7xx_hal_cortex.o(.text.HAL_NVIC_SetPriorityGrouping)
    __arm_cp.0_0                             0x08000654   Number         4  stm32f7xx_hal_cortex.o(.text.HAL_NVIC_SetPriorityGrouping)
    __arm_cp.0_1                             0x08000658   Number         4  stm32f7xx_hal_cortex.o(.text.HAL_NVIC_SetPriorityGrouping)
    [Anonymous Symbol]                       0x0800065c   Section        0  stm32f7xx_hal_pwr_ex.o(.text.HAL_PWREx_EnableOverDrive)
    __arm_cp.8_0                             0x080006c0   Number         4  stm32f7xx_hal_pwr_ex.o(.text.HAL_PWREx_EnableOverDrive)
    [Anonymous Symbol]                       0x080006c4   Section        0  stm32f7xx_hal_rcc_ex.o(.text.HAL_RCCEx_PeriphCLKConfig)
    __arm_cp.0_3                             0x080009e0   Number         4  stm32f7xx_hal_rcc_ex.o(.text.HAL_RCCEx_PeriphCLKConfig)
    __arm_cp.0_4                             0x080009e4   Number         4  stm32f7xx_hal_rcc_ex.o(.text.HAL_RCCEx_PeriphCLKConfig)
    __arm_cp.0_5                             0x080009e8   Number         4  stm32f7xx_hal_rcc_ex.o(.text.HAL_RCCEx_PeriphCLKConfig)
    [Anonymous Symbol]                       0x08000bcc   Section        0  stm32f7xx_hal_rcc.o(.text.HAL_RCC_ClockConfig)
    __arm_cp.2_0                             0x08000cf8   Number         4  stm32f7xx_hal_rcc.o(.text.HAL_RCC_ClockConfig)
    __arm_cp.2_1                             0x08000cfc   Number         4  stm32f7xx_hal_rcc.o(.text.HAL_RCC_ClockConfig)
    __arm_cp.2_3                             0x08000d00   Number         4  stm32f7xx_hal_rcc.o(.text.HAL_RCC_ClockConfig)
    [Anonymous Symbol]                       0x08000d04   Section        0  stm32f7xx_hal_rcc.o(.text.HAL_RCC_GetPCLK1Freq)
    [Anonymous Symbol]                       0x08000d18   Section        0  stm32f7xx_hal_rcc.o(.text.HAL_RCC_GetPCLK2Freq)
    __arm_cp.9_0                             0x08000d2c   Number         4  stm32f7xx_hal_rcc.o(.text.HAL_RCC_GetPCLK2Freq)
    __arm_cp.9_1                             0x08000d30   Number         4  stm32f7xx_hal_rcc.o(.text.HAL_RCC_GetPCLK2Freq)
    __arm_cp.9_2                             0x08000d34   Number         4  stm32f7xx_hal_rcc.o(.text.HAL_RCC_GetPCLK2Freq)
    [Anonymous Symbol]                       0x08000d38   Section        0  stm32f7xx_hal_rcc.o(.text.HAL_RCC_GetSysClockFreq)
    __arm_cp.3_0                             0x08000d8c   Number         4  stm32f7xx_hal_rcc.o(.text.HAL_RCC_GetSysClockFreq)
    __arm_cp.3_1                             0x08000d90   Number         4  stm32f7xx_hal_rcc.o(.text.HAL_RCC_GetSysClockFreq)
    __arm_cp.3_2                             0x08000d94   Number         4  stm32f7xx_hal_rcc.o(.text.HAL_RCC_GetSysClockFreq)
    [Anonymous Symbol]                       0x08000d98   Section        0  stm32f7xx_hal_rcc.o(.text.HAL_RCC_OscConfig)
    __arm_cp.1_0                             0x080010e4   Number         4  stm32f7xx_hal_rcc.o(.text.HAL_RCC_OscConfig)
    __arm_cp.1_1                             0x080010e8   Number         4  stm32f7xx_hal_rcc.o(.text.HAL_RCC_OscConfig)
    [Anonymous Symbol]                       0x080010ec   Section        0  stm32f7xx_hal_cortex.o(.text.HAL_SYSTICK_Config)
    __arm_cp.7_0                             0x0800110c   Number         4  stm32f7xx_hal_cortex.o(.text.HAL_SYSTICK_Config)
    __arm_cp.7_1                             0x08001110   Number         4  stm32f7xx_hal_cortex.o(.text.HAL_SYSTICK_Config)
    [Anonymous Symbol]                       0x08001114   Section        0  stm32f7xx_hal_tim_ex.o(.text.HAL_TIMEx_Break2Callback)
    [Anonymous Symbol]                       0x08001116   Section        0  stm32f7xx_hal_tim_ex.o(.text.HAL_TIMEx_BreakCallback)
    [Anonymous Symbol]                       0x08001118   Section        0  stm32f7xx_hal_tim_ex.o(.text.HAL_TIMEx_CommutCallback)
    [Anonymous Symbol]                       0x0800111c   Section        0  stm32f7xx_hal_tim_ex.o(.text.HAL_TIMEx_MasterConfigSynchronization)
    [Anonymous Symbol]                       0x080011a0   Section        0  stm32f7xx_hal_tim.o(.text.HAL_TIM_Base_Init)
    [Anonymous Symbol]                       0x08001200   Section        0  tim.o(.text.HAL_TIM_Base_MspInit)
    __arm_cp.2_0                             0x08001290   Number         4  tim.o(.text.HAL_TIM_Base_MspInit)
    __arm_cp.2_2                             0x08001294   Number         4  tim.o(.text.HAL_TIM_Base_MspInit)
    __arm_cp.2_3                             0x08001298   Number         4  tim.o(.text.HAL_TIM_Base_MspInit)
    [Anonymous Symbol]                       0x0800129c   Section        0  stm32f7xx_hal_tim.o(.text.HAL_TIM_Base_Start)
    __arm_cp.5_0                             0x08001300   Number         4  stm32f7xx_hal_tim.o(.text.HAL_TIM_Base_Start)
    __arm_cp.5_1                             0x08001304   Number         4  stm32f7xx_hal_tim.o(.text.HAL_TIM_Base_Start)
    __arm_cp.5_3                             0x08001308   Number         4  stm32f7xx_hal_tim.o(.text.HAL_TIM_Base_Start)
    __arm_cp.5_4                             0x0800130c   Number         4  stm32f7xx_hal_tim.o(.text.HAL_TIM_Base_Start)
    __arm_cp.5_5                             0x08001310   Number         4  stm32f7xx_hal_tim.o(.text.HAL_TIM_Base_Start)
    __arm_cp.5_6                             0x08001314   Number         4  stm32f7xx_hal_tim.o(.text.HAL_TIM_Base_Start)
    __arm_cp.5_7                             0x08001318   Number         4  stm32f7xx_hal_tim.o(.text.HAL_TIM_Base_Start)
    [Anonymous Symbol]                       0x0800131c   Section        0  stm32f7xx_hal_tim.o(.text.HAL_TIM_Base_Stop)
    [Anonymous Symbol]                       0x08001344   Section        0  stm32f7xx_hal_tim.o(.text.HAL_TIM_ConfigClockSource)
    __arm_cp.96_0                            0x08001438   Number         4  stm32f7xx_hal_tim.o(.text.HAL_TIM_ConfigClockSource)
    [Anonymous Symbol]                       0x0800143c   Section        0  tim.o(.text.HAL_TIM_IC_CaptureCallback)
    __arm_cp.3_1                             0x080014c8   Number         4  tim.o(.text.HAL_TIM_IC_CaptureCallback)
    __arm_cp.3_2                             0x080014cc   Number         4  tim.o(.text.HAL_TIM_IC_CaptureCallback)
    [Anonymous Symbol]                       0x080014d0   Section        0  stm32f7xx_hal_tim.o(.text.HAL_TIM_IC_ConfigChannel)
    [Anonymous Symbol]                       0x080015a2   Section        0  stm32f7xx_hal_tim.o(.text.HAL_TIM_IC_Init)
    [Anonymous Symbol]                       0x08001602   Section        0  stm32f7xx_hal_tim.o(.text.HAL_TIM_IC_MspInit)
    [Anonymous Symbol]                       0x08001604   Section        0  stm32f7xx_hal_tim.o(.text.HAL_TIM_IC_Start_IT)
    __arm_cp.43_0                            0x0800175c   Number         4  stm32f7xx_hal_tim.o(.text.HAL_TIM_IC_Start_IT)
    __arm_cp.43_1                            0x08001760   Number         4  stm32f7xx_hal_tim.o(.text.HAL_TIM_IC_Start_IT)
    __arm_cp.43_2                            0x08001764   Number         4  stm32f7xx_hal_tim.o(.text.HAL_TIM_IC_Start_IT)
    __arm_cp.43_3                            0x08001768   Number         4  stm32f7xx_hal_tim.o(.text.HAL_TIM_IC_Start_IT)
    __arm_cp.43_4                            0x0800176c   Number         4  stm32f7xx_hal_tim.o(.text.HAL_TIM_IC_Start_IT)
    __arm_cp.43_5                            0x08001770   Number         4  stm32f7xx_hal_tim.o(.text.HAL_TIM_IC_Start_IT)
    __arm_cp.43_6                            0x08001774   Number         4  stm32f7xx_hal_tim.o(.text.HAL_TIM_IC_Start_IT)
    __arm_cp.43_7                            0x08001778   Number         4  stm32f7xx_hal_tim.o(.text.HAL_TIM_IC_Start_IT)
    [Anonymous Symbol]                       0x0800177c   Section        0  stm32f7xx_hal_tim.o(.text.HAL_TIM_IRQHandler)
    [Anonymous Symbol]                       0x08001906   Section        0  stm32f7xx_hal_tim.o(.text.HAL_TIM_OC_DelayElapsedCallback)
    [Anonymous Symbol]                       0x08001908   Section        0  stm32f7xx_hal_tim.o(.text.HAL_TIM_PWM_PulseFinishedCallback)
    [Anonymous Symbol]                       0x0800190a   Section        0  stm32f7xx_hal_tim.o(.text.HAL_TIM_PeriodElapsedCallback)
    [Anonymous Symbol]                       0x0800190c   Section        0  stm32f7xx_hal_tim.o(.text.HAL_TIM_ReadCapturedValue)
    [Anonymous Symbol]                       0x0800193a   Section        0  stm32f7xx_hal_tim.o(.text.HAL_TIM_TriggerCallback)
    [Anonymous Symbol]                       0x0800193c   Section        0  stm32f7xx_hal_uart.o(.text.HAL_UART_Init)
    [Anonymous Symbol]                       0x0800199c   Section        0  usart.o(.text.HAL_UART_MspInit)
    [Anonymous Symbol]                       0x080019fc   Section        0  stm32f7xx_hal_uart.o(.text.HAL_UART_Transmit)
    [Anonymous Symbol]                       0x08001ac4   Section        0  stm32f7xx_it.o(.text.HardFault_Handler)
    [Anonymous Symbol]                       0x08001ac8   Section        0  gpio.o(.text.MX_GPIO_Init)
    __arm_cp.0_0                             0x08001b50   Number         4  gpio.o(.text.MX_GPIO_Init)
    __arm_cp.0_1                             0x08001b54   Number         4  gpio.o(.text.MX_GPIO_Init)
    [Anonymous Symbol]                       0x08001b58   Section        0  tim.o(.text.MX_TIM5_Init)
    __arm_cp.0_0                             0x08001bf4   Number         4  tim.o(.text.MX_TIM5_Init)
    [Anonymous Symbol]                       0x08001bf8   Section        0  tim.o(.text.MX_TIM6_Init)
    __arm_cp.1_1                             0x08001c38   Number         4  tim.o(.text.MX_TIM6_Init)
    [Anonymous Symbol]                       0x08001c3c   Section        0  usart.o(.text.MX_USART1_UART_Init)
    __arm_cp.1_0                             0x08001c7c   Number         4  usart.o(.text.MX_USART1_UART_Init)
    __arm_cp.1_1                             0x08001c80   Number         4  usart.o(.text.MX_USART1_UART_Init)
    [Anonymous Symbol]                       0x08001c84   Section        0  stm32f7xx_it.o(.text.MemManage_Handler)
    [Anonymous Symbol]                       0x08001c86   Section        0  stm32f7xx_it.o(.text.NMI_Handler)
    [Anonymous Symbol]                       0x08001c88   Section        0  stm32f7xx_it.o(.text.PendSV_Handler)
    [Anonymous Symbol]                       0x08001c8a   Section        0  stm32f7xx_it.o(.text.SVC_Handler)
    [Anonymous Symbol]                       0x08001c8c   Section        0  gpio.o(.text.Sonic_Trig)
    __arm_cp.1_0                             0x08001cb0   Number         4  gpio.o(.text.Sonic_Trig)
    [Anonymous Symbol]                       0x08001cb4   Section        0  stm32f7xx_it.o(.text.SysTick_Handler)
    [Anonymous Symbol]                       0x08001cb8   Section        0  main.o(.text.SystemClock_Config)
    __arm_cp.1_0                             0x08001d54   Number         4  main.o(.text.SystemClock_Config)
    __arm_cp.1_1                             0x08001d58   Number         4  main.o(.text.SystemClock_Config)
    [Anonymous Symbol]                       0x08001d5c   Section        0  system_stm32f7xx.o(.text.SystemInit)
    __arm_cp.0_0                             0x08001d68   Number         4  system_stm32f7xx.o(.text.SystemInit)
    [Anonymous Symbol]                       0x08001d6c   Section        0  stm32f7xx_it.o(.text.TIM5_IRQHandler)
    __arm_cp.9_0                             0x08001d74   Number         4  stm32f7xx_it.o(.text.TIM5_IRQHandler)
    [Anonymous Symbol]                       0x08001d78   Section        0  stm32f7xx_it.o(.text.TIM6_DAC_IRQHandler)
    __arm_cp.10_0                            0x08001d80   Number         4  stm32f7xx_it.o(.text.TIM6_DAC_IRQHandler)
    [Anonymous Symbol]                       0x08001d84   Section        0  stm32f7xx_hal_tim.o(.text.TIM_Base_SetConfig)
    __arm_cp.2_6                             0x08001e30   Number         4  stm32f7xx_hal_tim.o(.text.TIM_Base_SetConfig)
    __arm_cp.2_7                             0x08001e34   Number         4  stm32f7xx_hal_tim.o(.text.TIM_Base_SetConfig)
    __arm_cp.2_9                             0x08001e38   Number         4  stm32f7xx_hal_tim.o(.text.TIM_Base_SetConfig)
    __arm_cp.2_10                            0x08001e3c   Number         4  stm32f7xx_hal_tim.o(.text.TIM_Base_SetConfig)
    [Anonymous Symbol]                       0x08001e40   Section        0  stm32f7xx_hal_tim.o(.text.TIM_CCxChannelCmd)
    TIM_TI1_ConfigInputStage                 0x08001e5f   Thumb Code    34  stm32f7xx_hal_tim.o(.text.TIM_TI1_ConfigInputStage)
    [Anonymous Symbol]                       0x08001e5e   Section        0  stm32f7xx_hal_tim.o(.text.TIM_TI1_ConfigInputStage)
    [Anonymous Symbol]                       0x08001e80   Section        0  stm32f7xx_hal_tim.o(.text.TIM_TI1_SetConfig)
    __arm_cp.81_0                            0x08001ee0   Number         4  stm32f7xx_hal_tim.o(.text.TIM_TI1_SetConfig)
    __arm_cp.81_1                            0x08001ee4   Number         4  stm32f7xx_hal_tim.o(.text.TIM_TI1_SetConfig)
    __arm_cp.81_2                            0x08001ee8   Number         4  stm32f7xx_hal_tim.o(.text.TIM_TI1_SetConfig)
    __arm_cp.81_3                            0x08001eec   Number         4  stm32f7xx_hal_tim.o(.text.TIM_TI1_SetConfig)
    __arm_cp.81_4                            0x08001ef0   Number         4  stm32f7xx_hal_tim.o(.text.TIM_TI1_SetConfig)
    __arm_cp.81_5                            0x08001ef4   Number         4  stm32f7xx_hal_tim.o(.text.TIM_TI1_SetConfig)
    __arm_cp.81_6                            0x08001ef8   Number         4  stm32f7xx_hal_tim.o(.text.TIM_TI1_SetConfig)
    TIM_TI2_ConfigInputStage                 0x08001efd   Thumb Code    34  stm32f7xx_hal_tim.o(.text.TIM_TI2_ConfigInputStage)
    [Anonymous Symbol]                       0x08001efc   Section        0  stm32f7xx_hal_tim.o(.text.TIM_TI2_ConfigInputStage)
    TIM_TI2_SetConfig                        0x08001f1f   Thumb Code    50  stm32f7xx_hal_tim.o(.text.TIM_TI2_SetConfig)
    [Anonymous Symbol]                       0x08001f1e   Section        0  stm32f7xx_hal_tim.o(.text.TIM_TI2_SetConfig)
    [Anonymous Symbol]                       0x08001f50   Section        0  stm32f7xx_hal_uart.o(.text.UART_AdvFeatureConfig)
    [Anonymous Symbol]                       0x08001ffa   Section        0  stm32f7xx_hal_uart.o(.text.UART_CheckIdleState)
    [Anonymous Symbol]                       0x0800205c   Section        0  stm32f7xx_hal_uart.o(.text.UART_SetConfig)
    __arm_cp.2_0                             0x080021b8   Number         4  stm32f7xx_hal_uart.o(.text.UART_SetConfig)
    __arm_cp.2_1                             0x080021bc   Number         4  stm32f7xx_hal_uart.o(.text.UART_SetConfig)
    __arm_cp.2_2                             0x080021c0   Number         4  stm32f7xx_hal_uart.o(.text.UART_SetConfig)
    __arm_cp.2_3                             0x080021c4   Number         4  stm32f7xx_hal_uart.o(.text.UART_SetConfig)
    __arm_cp.2_4                             0x080021c8   Number         4  stm32f7xx_hal_uart.o(.text.UART_SetConfig)
    __arm_cp.2_5                             0x080021cc   Number         4  stm32f7xx_hal_uart.o(.text.UART_SetConfig)
    __arm_cp.2_6                             0x080021d0   Number         4  stm32f7xx_hal_uart.o(.text.UART_SetConfig)
    __arm_cp.2_7                             0x080021d4   Number         4  stm32f7xx_hal_uart.o(.text.UART_SetConfig)
    __arm_cp.2_8                             0x080021d8   Number         4  stm32f7xx_hal_uart.o(.text.UART_SetConfig)
    __arm_cp.2_9                             0x080021dc   Number         4  stm32f7xx_hal_uart.o(.text.UART_SetConfig)
    __arm_cp.2_10                            0x080021e0   Number         4  stm32f7xx_hal_uart.o(.text.UART_SetConfig)
    __arm_cp.2_11                            0x080021e4   Number         4  stm32f7xx_hal_uart.o(.text.UART_SetConfig)
    __arm_cp.2_12                            0x080021e8   Number         4  stm32f7xx_hal_uart.o(.text.UART_SetConfig)
    [Anonymous Symbol]                       0x080021ec   Section        0  stm32f7xx_hal_uart.o(.text.UART_WaitOnFlagUntilTimeout)
    [Anonymous Symbol]                       0x08002286   Section        0  stm32f7xx_it.o(.text.UsageFault_Handler)
    __NVIC_SetPriority                       0x08002289   Thumb Code    36  stm32f7xx_hal_cortex.o(.text.__NVIC_SetPriority)
    [Anonymous Symbol]                       0x08002288   Section        0  stm32f7xx_hal_cortex.o(.text.__NVIC_SetPriority)
    __arm_cp.2_0                             0x080022a4   Number         4  stm32f7xx_hal_cortex.o(.text.__NVIC_SetPriority)
    __arm_cp.2_1                             0x080022a8   Number         4  stm32f7xx_hal_cortex.o(.text.__NVIC_SetPriority)
    [Anonymous Symbol]                       0x080022ac   Section        0  usart.o(.text.fputc)
    __arm_cp.0_0                             0x080022d4   Number         4  usart.o(.text.fputc)
    [Anonymous Symbol]                       0x080022d8   Section        0  main.o(.text.main)
    __arm_cp.0_0                             0x08002340   Number         4  main.o(.text.main)
    __arm_cp.0_1                             0x08002344   Number         4  main.o(.text.main)
    i.__0printf$1                            0x08002368   Section        0  printf1.o(i.__0printf$1)
    i.__scatterload_copy                     0x08002388   Section       14  handlers.o(i.__scatterload_copy)
    i.__scatterload_null                     0x08002396   Section        2  handlers.o(i.__scatterload_null)
    i.__scatterload_zeroinit                 0x08002398   Section       14  handlers.o(i.__scatterload_zeroinit)
    _printf_core                             0x080023a9   Thumb Code   336  printf1.o(i._printf_core)
    i._printf_core                           0x080023a8   Section        0  printf1.o(i._printf_core)
    .Lswitch.table.UART_SetConfig.5          0x08002514   Data          16  stm32f7xx_hal_uart.o(.rodata.cst16)
    .Lswitch.table.UART_SetConfig.7          0x08002524   Data          16  stm32f7xx_hal_uart.o(.rodata.cst16)
    .data                                    0x20000000   Section        4  stdout.o(.data)
    [Anonymous Symbol]                       0x20000004   Section        0  stm32f7xx_hal.o(.data..L_MergedGlobals)
    Capture_Flag                             0x20000010   Data           1  tim.o(.bss..L_MergedGlobals)
    [Anonymous Symbol]                       0x20000010   Section        0  tim.o(.bss..L_MergedGlobals)
    STACK                                    0x20000138   Section     1024  startup_stm32f767xx.o(STACK)

    Global Symbols

    Symbol Name                              Value     Ov Type        Size  Object(Section)

    BuildAttributes$$THM_ISAv4$E$P$D$K$B$S$7EM$VFPv5_D16$PE$PLD8$A:L22UL41UL21$X:L11$S22US41US21$IEEE1$IW$~IW$USESV6$~STKCKD$USESV7$~SHL$OSPACE$ROPI$EBA8$MICROLIB$REQ8$PRES8$EABIv2 0x00000000   Number         0  anon$$obj.o ABSOLUTE
    _printf_a                                0x00000000   Number         0  printfstubs.o ABSOLUTE
    _printf_c                                0x00000000   Number         0  printfstubs.o ABSOLUTE
    _printf_charcount                        0x00000000   Number         0  printfstubs.o ABSOLUTE
    _printf_d                                0x00000000   Number         0  printfstubs.o ABSOLUTE
    _printf_e                                0x00000000   Number         0  printfstubs.o ABSOLUTE
    _printf_f                                0x00000000   Number         0  printfstubs.o ABSOLUTE
    _printf_flags                            0x00000000   Number         0  printfstubs.o ABSOLUTE
    _printf_fp_dec                           0x00000000   Number         0  printfstubs.o ABSOLUTE
    _printf_fp_hex                           0x00000000   Number         0  printfstubs.o ABSOLUTE
    _printf_g                                0x00000000   Number         0  printfstubs.o ABSOLUTE
    _printf_i                                0x00000000   Number         0  printfstubs.o ABSOLUTE
    _printf_int_dec                          0x00000000   Number         0  printfstubs.o ABSOLUTE
    _printf_l                                0x00000000   Number         0  printfstubs.o ABSOLUTE
    _printf_lc                               0x00000000   Number         0  printfstubs.o ABSOLUTE
    _printf_ll                               0x00000000   Number         0  printfstubs.o ABSOLUTE
    _printf_lld                              0x00000000   Number         0  printfstubs.o ABSOLUTE
    _printf_lli                              0x00000000   Number         0  printfstubs.o ABSOLUTE
    _printf_llo                              0x00000000   Number         0  printfstubs.o ABSOLUTE
    _printf_llu                              0x00000000   Number         0  printfstubs.o ABSOLUTE
    _printf_llx                              0x00000000   Number         0  printfstubs.o ABSOLUTE
    _printf_longlong_dec                     0x00000000   Number         0  printfstubs.o ABSOLUTE
    _printf_longlong_hex                     0x00000000   Number         0  printfstubs.o ABSOLUTE
    _printf_longlong_oct                     0x00000000   Number         0  printfstubs.o ABSOLUTE
    _printf_ls                               0x00000000   Number         0  printfstubs.o ABSOLUTE
    _printf_mbtowc                           0x00000000   Number         0  printfstubs.o ABSOLUTE
    _printf_n                                0x00000000   Number         0  printfstubs.o ABSOLUTE
    _printf_o                                0x00000000   Number         0  printfstubs.o ABSOLUTE
    _printf_p                                0x00000000   Number         0  printfstubs.o ABSOLUTE
    _printf_percent                          0x00000000   Number         0  printfstubs.o ABSOLUTE
    _printf_pre_padding                      0x00000000   Number         0  printfstubs.o ABSOLUTE
    _printf_return_value                     0x00000000   Number         0  printfstubs.o ABSOLUTE
    _printf_s                                0x00000000   Number         0  printfstubs.o ABSOLUTE
    _printf_sizespec                         0x00000000   Number         0  printfstubs.o ABSOLUTE
    _printf_str                              0x00000000   Number         0  printfstubs.o ABSOLUTE
    _printf_truncate_signed                  0x00000000   Number         0  printfstubs.o ABSOLUTE
    _printf_truncate_unsigned                0x00000000   Number         0  printfstubs.o ABSOLUTE
    _printf_u                                0x00000000   Number         0  printfstubs.o ABSOLUTE
    _printf_wc                               0x00000000   Number         0  printfstubs.o ABSOLUTE
    _printf_wctomb                           0x00000000   Number         0  printfstubs.o ABSOLUTE
    _printf_widthprec                        0x00000000   Number         0  printfstubs.o ABSOLUTE
    _printf_x                                0x00000000   Number         0  printfstubs.o ABSOLUTE
    __cpp_initialize__aeabi_                  - Undefined Weak Reference
    __cxa_finalize                            - Undefined Weak Reference
    __decompress                              - Undefined Weak Reference
    _clock_init                               - Undefined Weak Reference
    _microlib_exit                            - Undefined Weak Reference
    __Vectors_Size                           0x000001f8   Number         0  startup_stm32f767xx.o ABSOLUTE
    __Vectors                                0x08000000   Data           4  startup_stm32f767xx.o(RESET)
    __Vectors_End                            0x080001f8   Data           0  startup_stm32f767xx.o(RESET)
    __main                                   0x080001f9   Thumb Code     0  entry.o(.ARM.Collect$$$$00000000)
    _main_stk                                0x080001f9   Thumb Code     0  entry2.o(.ARM.Collect$$$$00000001)
    _main_scatterload                        0x080001fd   Thumb Code     0  entry5.o(.ARM.Collect$$$$00000004)
    __main_after_scatterload                 0x08000201   Thumb Code     0  entry5.o(.ARM.Collect$$$$00000004)
    _main_clock                              0x08000201   Thumb Code     0  entry7b.o(.ARM.Collect$$$$00000008)
    _main_cpp_init                           0x08000201   Thumb Code     0  entry8b.o(.ARM.Collect$$$$0000000A)
    _main_init                               0x08000201   Thumb Code     0  entry9a.o(.ARM.Collect$$$$0000000B)
    __rt_final_cpp                           0x08000209   Thumb Code     0  entry10a.o(.ARM.Collect$$$$0000000D)
    __rt_final_exit                          0x08000209   Thumb Code     0  entry11a.o(.ARM.Collect$$$$0000000F)
    Reset_Handler                            0x0800020d   Thumb Code     8  startup_stm32f767xx.o(.text)
    ADC_IRQHandler                           0x08000227   Thumb Code     0  startup_stm32f767xx.o(.text)
    CAN1_RX0_IRQHandler                      0x08000227   Thumb Code     0  startup_stm32f767xx.o(.text)
    CAN1_RX1_IRQHandler                      0x08000227   Thumb Code     0  startup_stm32f767xx.o(.text)
    CAN1_SCE_IRQHandler                      0x08000227   Thumb Code     0  startup_stm32f767xx.o(.text)
    CAN1_TX_IRQHandler                       0x08000227   Thumb Code     0  startup_stm32f767xx.o(.text)
    CAN2_RX0_IRQHandler                      0x08000227   Thumb Code     0  startup_stm32f767xx.o(.text)
    CAN2_RX1_IRQHandler                      0x08000227   Thumb Code     0  startup_stm32f767xx.o(.text)
    CAN2_SCE_IRQHandler                      0x08000227   Thumb Code     0  startup_stm32f767xx.o(.text)
    CAN2_TX_IRQHandler                       0x08000227   Thumb Code     0  startup_stm32f767xx.o(.text)
    CAN3_RX0_IRQHandler                      0x08000227   Thumb Code     0  startup_stm32f767xx.o(.text)
    CAN3_RX1_IRQHandler                      0x08000227   Thumb Code     0  startup_stm32f767xx.o(.text)
    CAN3_SCE_IRQHandler                      0x08000227   Thumb Code     0  startup_stm32f767xx.o(.text)
    CAN3_TX_IRQHandler                       0x08000227   Thumb Code     0  startup_stm32f767xx.o(.text)
    CEC_IRQHandler                           0x08000227   Thumb Code     0  startup_stm32f767xx.o(.text)
    DCMI_IRQHandler                          0x08000227   Thumb Code     0  startup_stm32f767xx.o(.text)
    DFSDM1_FLT0_IRQHandler                   0x08000227   Thumb Code     0  startup_stm32f767xx.o(.text)
    DFSDM1_FLT1_IRQHandler                   0x08000227   Thumb Code     0  startup_stm32f767xx.o(.text)
    DFSDM1_FLT2_IRQHandler                   0x08000227   Thumb Code     0  startup_stm32f767xx.o(.text)
    DFSDM1_FLT3_IRQHandler                   0x08000227   Thumb Code     0  startup_stm32f767xx.o(.text)
    DMA1_Stream0_IRQHandler                  0x08000227   Thumb Code     0  startup_stm32f767xx.o(.text)
    DMA1_Stream1_IRQHandler                  0x08000227   Thumb Code     0  startup_stm32f767xx.o(.text)
    DMA1_Stream2_IRQHandler                  0x08000227   Thumb Code     0  startup_stm32f767xx.o(.text)
    DMA1_Stream3_IRQHandler                  0x08000227   Thumb Code     0  startup_stm32f767xx.o(.text)
    DMA1_Stream4_IRQHandler                  0x08000227   Thumb Code     0  startup_stm32f767xx.o(.text)
    DMA1_Stream5_IRQHandler                  0x08000227   Thumb Code     0  startup_stm32f767xx.o(.text)
    DMA1_Stream6_IRQHandler                  0x08000227   Thumb Code     0  startup_stm32f767xx.o(.text)
    DMA1_Stream7_IRQHandler                  0x08000227   Thumb Code     0  startup_stm32f767xx.o(.text)
    DMA2D_IRQHandler                         0x08000227   Thumb Code     0  startup_stm32f767xx.o(.text)
    DMA2_Stream0_IRQHandler                  0x08000227   Thumb Code     0  startup_stm32f767xx.o(.text)
    DMA2_Stream1_IRQHandler                  0x08000227   Thumb Code     0  startup_stm32f767xx.o(.text)
    DMA2_Stream2_IRQHandler                  0x08000227   Thumb Code     0  startup_stm32f767xx.o(.text)
    DMA2_Stream3_IRQHandler                  0x08000227   Thumb Code     0  startup_stm32f767xx.o(.text)
    DMA2_Stream4_IRQHandler                  0x08000227   Thumb Code     0  startup_stm32f767xx.o(.text)
    DMA2_Stream5_IRQHandler                  0x08000227   Thumb Code     0  startup_stm32f767xx.o(.text)
    DMA2_Stream6_IRQHandler                  0x08000227   Thumb Code     0  startup_stm32f767xx.o(.text)
    DMA2_Stream7_IRQHandler                  0x08000227   Thumb Code     0  startup_stm32f767xx.o(.text)
    ETH_IRQHandler                           0x08000227   Thumb Code     0  startup_stm32f767xx.o(.text)
    ETH_WKUP_IRQHandler                      0x08000227   Thumb Code     0  startup_stm32f767xx.o(.text)
    EXTI0_IRQHandler                         0x08000227   Thumb Code     0  startup_stm32f767xx.o(.text)
    EXTI15_10_IRQHandler                     0x08000227   Thumb Code     0  startup_stm32f767xx.o(.text)
    EXTI1_IRQHandler                         0x08000227   Thumb Code     0  startup_stm32f767xx.o(.text)
    EXTI2_IRQHandler                         0x08000227   Thumb Code     0  startup_stm32f767xx.o(.text)
    EXTI3_IRQHandler                         0x08000227   Thumb Code     0  startup_stm32f767xx.o(.text)
    EXTI4_IRQHandler                         0x08000227   Thumb Code     0  startup_stm32f767xx.o(.text)
    EXTI9_5_IRQHandler                       0x08000227   Thumb Code     0  startup_stm32f767xx.o(.text)
    FLASH_IRQHandler                         0x08000227   Thumb Code     0  startup_stm32f767xx.o(.text)
    FMC_IRQHandler                           0x08000227   Thumb Code     0  startup_stm32f767xx.o(.text)
    FPU_IRQHandler                           0x08000227   Thumb Code     0  startup_stm32f767xx.o(.text)
    I2C1_ER_IRQHandler                       0x08000227   Thumb Code     0  startup_stm32f767xx.o(.text)
    I2C1_EV_IRQHandler                       0x08000227   Thumb Code     0  startup_stm32f767xx.o(.text)
    I2C2_ER_IRQHandler                       0x08000227   Thumb Code     0  startup_stm32f767xx.o(.text)
    I2C2_EV_IRQHandler                       0x08000227   Thumb Code     0  startup_stm32f767xx.o(.text)
    I2C3_ER_IRQHandler                       0x08000227   Thumb Code     0  startup_stm32f767xx.o(.text)
    I2C3_EV_IRQHandler                       0x08000227   Thumb Code     0  startup_stm32f767xx.o(.text)
    I2C4_ER_IRQHandler                       0x08000227   Thumb Code     0  startup_stm32f767xx.o(.text)
    I2C4_EV_IRQHandler                       0x08000227   Thumb Code     0  startup_stm32f767xx.o(.text)
    JPEG_IRQHandler                          0x08000227   Thumb Code     0  startup_stm32f767xx.o(.text)
    LPTIM1_IRQHandler                        0x08000227   Thumb Code     0  startup_stm32f767xx.o(.text)
    LTDC_ER_IRQHandler                       0x08000227   Thumb Code     0  startup_stm32f767xx.o(.text)
    LTDC_IRQHandler                          0x08000227   Thumb Code     0  startup_stm32f767xx.o(.text)
    MDIOS_IRQHandler                         0x08000227   Thumb Code     0  startup_stm32f767xx.o(.text)
    OTG_FS_IRQHandler                        0x08000227   Thumb Code     0  startup_stm32f767xx.o(.text)
    OTG_FS_WKUP_IRQHandler                   0x08000227   Thumb Code     0  startup_stm32f767xx.o(.text)
    OTG_HS_EP1_IN_IRQHandler                 0x08000227   Thumb Code     0  startup_stm32f767xx.o(.text)
    OTG_HS_EP1_OUT_IRQHandler                0x08000227   Thumb Code     0  startup_stm32f767xx.o(.text)
    OTG_HS_IRQHandler                        0x08000227   Thumb Code     0  startup_stm32f767xx.o(.text)
    OTG_HS_WKUP_IRQHandler                   0x08000227   Thumb Code     0  startup_stm32f767xx.o(.text)
    PVD_IRQHandler                           0x08000227   Thumb Code     0  startup_stm32f767xx.o(.text)
    QUADSPI_IRQHandler                       0x08000227   Thumb Code     0  startup_stm32f767xx.o(.text)
    RCC_IRQHandler                           0x08000227   Thumb Code     0  startup_stm32f767xx.o(.text)
    RNG_IRQHandler                           0x08000227   Thumb Code     0  startup_stm32f767xx.o(.text)
    RTC_Alarm_IRQHandler                     0x08000227   Thumb Code     0  startup_stm32f767xx.o(.text)
    RTC_WKUP_IRQHandler                      0x08000227   Thumb Code     0  startup_stm32f767xx.o(.text)
    SAI1_IRQHandler                          0x08000227   Thumb Code     0  startup_stm32f767xx.o(.text)
    SAI2_IRQHandler                          0x08000227   Thumb Code     0  startup_stm32f767xx.o(.text)
    SDMMC1_IRQHandler                        0x08000227   Thumb Code     0  startup_stm32f767xx.o(.text)
    SDMMC2_IRQHandler                        0x08000227   Thumb Code     0  startup_stm32f767xx.o(.text)
    SPDIF_RX_IRQHandler                      0x08000227   Thumb Code     0  startup_stm32f767xx.o(.text)
    SPI1_IRQHandler                          0x08000227   Thumb Code     0  startup_stm32f767xx.o(.text)
    SPI2_IRQHandler                          0x08000227   Thumb Code     0  startup_stm32f767xx.o(.text)
    SPI3_IRQHandler                          0x08000227   Thumb Code     0  startup_stm32f767xx.o(.text)
    SPI4_IRQHandler                          0x08000227   Thumb Code     0  startup_stm32f767xx.o(.text)
    SPI5_IRQHandler                          0x08000227   Thumb Code     0  startup_stm32f767xx.o(.text)
    SPI6_IRQHandler                          0x08000227   Thumb Code     0  startup_stm32f767xx.o(.text)
    TAMP_STAMP_IRQHandler                    0x08000227   Thumb Code     0  startup_stm32f767xx.o(.text)
    TIM1_BRK_TIM9_IRQHandler                 0x08000227   Thumb Code     0  startup_stm32f767xx.o(.text)
    TIM1_CC_IRQHandler                       0x08000227   Thumb Code     0  startup_stm32f767xx.o(.text)
    TIM1_TRG_COM_TIM11_IRQHandler            0x08000227   Thumb Code     0  startup_stm32f767xx.o(.text)
    TIM1_UP_TIM10_IRQHandler                 0x08000227   Thumb Code     0  startup_stm32f767xx.o(.text)
    TIM2_IRQHandler                          0x08000227   Thumb Code     0  startup_stm32f767xx.o(.text)
    TIM3_IRQHandler                          0x08000227   Thumb Code     0  startup_stm32f767xx.o(.text)
    TIM4_IRQHandler                          0x08000227   Thumb Code     0  startup_stm32f767xx.o(.text)
    TIM7_IRQHandler                          0x08000227   Thumb Code     0  startup_stm32f767xx.o(.text)
    TIM8_BRK_TIM12_IRQHandler                0x08000227   Thumb Code     0  startup_stm32f767xx.o(.text)
    TIM8_CC_IRQHandler                       0x08000227   Thumb Code     0  startup_stm32f767xx.o(.text)
    TIM8_TRG_COM_TIM14_IRQHandler            0x08000227   Thumb Code     0  startup_stm32f767xx.o(.text)
    TIM8_UP_TIM13_IRQHandler                 0x08000227   Thumb Code     0  startup_stm32f767xx.o(.text)
    UART4_IRQHandler                         0x08000227   Thumb Code     0  startup_stm32f767xx.o(.text)
    UART5_IRQHandler                         0x08000227   Thumb Code     0  startup_stm32f767xx.o(.text)
    UART7_IRQHandler                         0x08000227   Thumb Code     0  startup_stm32f767xx.o(.text)
    UART8_IRQHandler                         0x08000227   Thumb Code     0  startup_stm32f767xx.o(.text)
    USART1_IRQHandler                        0x08000227   Thumb Code     0  startup_stm32f767xx.o(.text)
    USART2_IRQHandler                        0x08000227   Thumb Code     0  startup_stm32f767xx.o(.text)
    USART3_IRQHandler                        0x08000227   Thumb Code     0  startup_stm32f767xx.o(.text)
    USART6_IRQHandler                        0x08000227   Thumb Code     0  startup_stm32f767xx.o(.text)
    WWDG_IRQHandler                          0x08000227   Thumb Code     0  startup_stm32f767xx.o(.text)
    __aeabi_uldivmod                         0x08000231   Thumb Code    98  uldiv.o(.text)
    __aeabi_memset                           0x08000293   Thumb Code    14  memseta.o(.text)
    __aeabi_memset4                          0x08000293   Thumb Code     0  memseta.o(.text)
    __aeabi_memset8                          0x08000293   Thumb Code     0  memseta.o(.text)
    __aeabi_memclr                           0x080002a1   Thumb Code     4  memseta.o(.text)
    __aeabi_memclr4                          0x080002a1   Thumb Code     0  memseta.o(.text)
    __aeabi_memclr8                          0x080002a1   Thumb Code     0  memseta.o(.text)
    _memset$wrapper                          0x080002a5   Thumb Code    18  memseta.o(.text)
    __aeabi_uidiv                            0x080002b7   Thumb Code     0  uidiv.o(.text)
    __aeabi_uidivmod                         0x080002b7   Thumb Code    44  uidiv.o(.text)
    __aeabi_llsl                             0x080002e3   Thumb Code    30  llshl.o(.text)
    _ll_shift_l                              0x080002e3   Thumb Code     0  llshl.o(.text)
    __aeabi_llsr                             0x08000301   Thumb Code    32  llushr.o(.text)
    _ll_ushift_r                             0x08000301   Thumb Code     0  llushr.o(.text)
    __scatterload                            0x08000321   Thumb Code    28  init.o(.text)
    __scatterload_rt2                        0x08000321   Thumb Code     0  init.o(.text)
    BusFault_Handler                         0x08000345   Thumb Code     2  stm32f7xx_it.o(.text.BusFault_Handler)
    DebugMon_Handler                         0x08000347   Thumb Code     2  stm32f7xx_it.o(.text.DebugMon_Handler)
    Delay_us                                 0x08000349   Thumb Code    40  tim.o(.text.Delay_us)
    Error_Handler                            0x08000371   Thumb Code     2  main.o(.text.Error_Handler)
    HAL_Delay                                0x08000375   Thumb Code    32  stm32f7xx_hal.o(.text.HAL_Delay)
    HAL_GPIO_Init                            0x08000395   Thumb Code   408  stm32f7xx_hal_gpio.o(.text.HAL_GPIO_Init)
    HAL_GPIO_TogglePin                       0x0800052d   Thumb Code    16  stm32f7xx_hal_gpio.o(.text.HAL_GPIO_TogglePin)
    HAL_GPIO_WritePin                        0x0800053d   Thumb Code    10  stm32f7xx_hal_gpio.o(.text.HAL_GPIO_WritePin)
    HAL_GetTick                              0x08000549   Thumb Code     8  stm32f7xx_hal.o(.text.HAL_GetTick)
    HAL_IncTick                              0x08000551   Thumb Code    20  stm32f7xx_hal.o(.text.HAL_IncTick)
    HAL_Init                                 0x08000565   Thumb Code    22  stm32f7xx_hal.o(.text.HAL_Init)
    HAL_InitTick                             0x0800057d   Thumb Code    64  stm32f7xx_hal.o(.text.HAL_InitTick)
    HAL_MspInit                              0x080005bd   Thumb Code    44  stm32f7xx_hal_msp.o(.text.HAL_MspInit)
    HAL_NVIC_EnableIRQ                       0x080005e9   Thumb Code    28  stm32f7xx_hal_cortex.o(.text.HAL_NVIC_EnableIRQ)
    HAL_NVIC_SetPriority                     0x08000605   Thumb Code    56  stm32f7xx_hal_cortex.o(.text.HAL_NVIC_SetPriority)
    HAL_NVIC_SetPriorityGrouping             0x0800063d   Thumb Code    32  stm32f7xx_hal_cortex.o(.text.HAL_NVIC_SetPriorityGrouping)
    HAL_PWREx_EnableOverDrive                0x0800065d   Thumb Code   104  stm32f7xx_hal_pwr_ex.o(.text.HAL_PWREx_EnableOverDrive)
    HAL_RCCEx_PeriphCLKConfig                0x080006c5   Thumb Code  1286  stm32f7xx_hal_rcc_ex.o(.text.HAL_RCCEx_PeriphCLKConfig)
    HAL_RCC_ClockConfig                      0x08000bcd   Thumb Code   312  stm32f7xx_hal_rcc.o(.text.HAL_RCC_ClockConfig)
    HAL_RCC_GetPCLK1Freq                     0x08000d05   Thumb Code    20  stm32f7xx_hal_rcc.o(.text.HAL_RCC_GetPCLK1Freq)
    HAL_RCC_GetPCLK2Freq                     0x08000d19   Thumb Code    32  stm32f7xx_hal_rcc.o(.text.HAL_RCC_GetPCLK2Freq)
    HAL_RCC_GetSysClockFreq                  0x08000d39   Thumb Code    96  stm32f7xx_hal_rcc.o(.text.HAL_RCC_GetSysClockFreq)
    HAL_RCC_OscConfig                        0x08000d99   Thumb Code   852  stm32f7xx_hal_rcc.o(.text.HAL_RCC_OscConfig)
    HAL_SYSTICK_Config                       0x080010ed   Thumb Code    40  stm32f7xx_hal_cortex.o(.text.HAL_SYSTICK_Config)
    HAL_TIMEx_Break2Callback                 0x08001115   Thumb Code     2  stm32f7xx_hal_tim_ex.o(.text.HAL_TIMEx_Break2Callback)
    HAL_TIMEx_BreakCallback                  0x08001117   Thumb Code     2  stm32f7xx_hal_tim_ex.o(.text.HAL_TIMEx_BreakCallback)
    HAL_TIMEx_CommutCallback                 0x08001119   Thumb Code     2  stm32f7xx_hal_tim_ex.o(.text.HAL_TIMEx_CommutCallback)
    HAL_TIMEx_MasterConfigSynchronization    0x0800111d   Thumb Code   132  stm32f7xx_hal_tim_ex.o(.text.HAL_TIMEx_MasterConfigSynchronization)
    HAL_TIM_Base_Init                        0x080011a1   Thumb Code    96  stm32f7xx_hal_tim.o(.text.HAL_TIM_Base_Init)
    HAL_TIM_Base_MspInit                     0x08001201   Thumb Code   156  tim.o(.text.HAL_TIM_Base_MspInit)
    HAL_TIM_Base_Start                       0x0800129d   Thumb Code   128  stm32f7xx_hal_tim.o(.text.HAL_TIM_Base_Start)
    HAL_TIM_Base_Stop                        0x0800131d   Thumb Code    40  stm32f7xx_hal_tim.o(.text.HAL_TIM_Base_Stop)
    HAL_TIM_ConfigClockSource                0x08001345   Thumb Code   248  stm32f7xx_hal_tim.o(.text.HAL_TIM_ConfigClockSource)
    HAL_TIM_IC_CaptureCallback               0x0800143d   Thumb Code   148  tim.o(.text.HAL_TIM_IC_CaptureCallback)
    HAL_TIM_IC_ConfigChannel                 0x080014d1   Thumb Code   210  stm32f7xx_hal_tim.o(.text.HAL_TIM_IC_ConfigChannel)
    HAL_TIM_IC_Init                          0x080015a3   Thumb Code    96  stm32f7xx_hal_tim.o(.text.HAL_TIM_IC_Init)
    HAL_TIM_IC_MspInit                       0x08001603   Thumb Code     2  stm32f7xx_hal_tim.o(.text.HAL_TIM_IC_MspInit)
    HAL_TIM_IC_Start_IT                      0x08001605   Thumb Code   376  stm32f7xx_hal_tim.o(.text.HAL_TIM_IC_Start_IT)
    HAL_TIM_IRQHandler                       0x0800177d   Thumb Code   394  stm32f7xx_hal_tim.o(.text.HAL_TIM_IRQHandler)
    HAL_TIM_OC_DelayElapsedCallback          0x08001907   Thumb Code     2  stm32f7xx_hal_tim.o(.text.HAL_TIM_OC_DelayElapsedCallback)
    HAL_TIM_PWM_PulseFinishedCallback        0x08001909   Thumb Code     2  stm32f7xx_hal_tim.o(.text.HAL_TIM_PWM_PulseFinishedCallback)
    HAL_TIM_PeriodElapsedCallback            0x0800190b   Thumb Code     2  stm32f7xx_hal_tim.o(.text.HAL_TIM_PeriodElapsedCallback)
    HAL_TIM_ReadCapturedValue                0x0800190d   Thumb Code    46  stm32f7xx_hal_tim.o(.text.HAL_TIM_ReadCapturedValue)
    HAL_TIM_TriggerCallback                  0x0800193b   Thumb Code     2  stm32f7xx_hal_tim.o(.text.HAL_TIM_TriggerCallback)
    HAL_UART_Init                            0x0800193d   Thumb Code    96  stm32f7xx_hal_uart.o(.text.HAL_UART_Init)
    HAL_UART_MspInit                         0x0800199d   Thumb Code    96  usart.o(.text.HAL_UART_MspInit)
    HAL_UART_Transmit                        0x080019fd   Thumb Code   200  stm32f7xx_hal_uart.o(.text.HAL_UART_Transmit)
    HardFault_Handler                        0x08001ac5   Thumb Code     2  stm32f7xx_it.o(.text.HardFault_Handler)
    MX_GPIO_Init                             0x08001ac9   Thumb Code   144  gpio.o(.text.MX_GPIO_Init)
    MX_TIM5_Init                             0x08001b59   Thumb Code   160  tim.o(.text.MX_TIM5_Init)
    MX_TIM6_Init                             0x08001bf9   Thumb Code    68  tim.o(.text.MX_TIM6_Init)
    MX_USART1_UART_Init                      0x08001c3d   Thumb Code    72  usart.o(.text.MX_USART1_UART_Init)
    MemManage_Handler                        0x08001c85   Thumb Code     2  stm32f7xx_it.o(.text.MemManage_Handler)
    NMI_Handler                              0x08001c87   Thumb Code     2  stm32f7xx_it.o(.text.NMI_Handler)
    PendSV_Handler                           0x08001c89   Thumb Code     2  stm32f7xx_it.o(.text.PendSV_Handler)
    SVC_Handler                              0x08001c8b   Thumb Code     2  stm32f7xx_it.o(.text.SVC_Handler)
    Sonic_Trig                               0x08001c8d   Thumb Code    40  gpio.o(.text.Sonic_Trig)
    SysTick_Handler                          0x08001cb5   Thumb Code     4  stm32f7xx_it.o(.text.SysTick_Handler)
    SystemClock_Config                       0x08001cb9   Thumb Code   164  main.o(.text.SystemClock_Config)
    SystemInit                               0x08001d5d   Thumb Code    16  system_stm32f7xx.o(.text.SystemInit)
    TIM5_IRQHandler                          0x08001d6d   Thumb Code    12  stm32f7xx_it.o(.text.TIM5_IRQHandler)
    TIM6_DAC_IRQHandler                      0x08001d79   Thumb Code    12  stm32f7xx_it.o(.text.TIM6_DAC_IRQHandler)
    TIM_Base_SetConfig                       0x08001d85   Thumb Code   188  stm32f7xx_hal_tim.o(.text.TIM_Base_SetConfig)
    TIM_CCxChannelCmd                        0x08001e41   Thumb Code    30  stm32f7xx_hal_tim.o(.text.TIM_CCxChannelCmd)
    TIM_TI1_SetConfig                        0x08001e81   Thumb Code   124  stm32f7xx_hal_tim.o(.text.TIM_TI1_SetConfig)
    UART_AdvFeatureConfig                    0x08001f51   Thumb Code   170  stm32f7xx_hal_uart.o(.text.UART_AdvFeatureConfig)
    UART_CheckIdleState                      0x08001ffb   Thumb Code    96  stm32f7xx_hal_uart.o(.text.UART_CheckIdleState)
    UART_SetConfig                           0x0800205d   Thumb Code   400  stm32f7xx_hal_uart.o(.text.UART_SetConfig)
    UART_WaitOnFlagUntilTimeout              0x080021ed   Thumb Code   154  stm32f7xx_hal_uart.o(.text.UART_WaitOnFlagUntilTimeout)
    UsageFault_Handler                       0x08002287   Thumb Code     2  stm32f7xx_it.o(.text.UsageFault_Handler)
    fputc                                    0x080022ad   Thumb Code    44  usart.o(.text.fputc)
    main                                     0x080022d9   Thumb Code   144  main.o(.text.main)
    __0printf$1                              0x08002369   Thumb Code    22  printf1.o(i.__0printf$1)
    __1printf$1                              0x08002369   Thumb Code     0  printf1.o(i.__0printf$1)
    __2printf                                0x08002369   Thumb Code     0  printf1.o(i.__0printf$1)
    __scatterload_copy                       0x08002389   Thumb Code    14  handlers.o(i.__scatterload_copy)
    __scatterload_null                       0x08002397   Thumb Code     2  handlers.o(i.__scatterload_null)
    __scatterload_zeroinit                   0x08002399   Thumb Code    14  handlers.o(i.__scatterload_zeroinit)
    AHBPrescTable                            0x080024fc   Data          16  system_stm32f7xx.o(.rodata.AHBPrescTable)
    APBPrescTable                            0x0800250c   Data           8  system_stm32f7xx.o(.rodata.APBPrescTable)
    Region$$Table$$Base                      0x08002534   Number         0  anon$$obj.o(Region$$Table)
    Region$$Table$$Limit                     0x08002554   Number         0  anon$$obj.o(Region$$Table)
    __stdout                                 0x20000000   Data           4  stdout.o(.data)
    uwTickFreq                               0x20000004   Data           1  stm32f7xx_hal.o(.data..L_MergedGlobals)
    uwTickPrio                               0x20000008   Data           4  stm32f7xx_hal.o(.data..L_MergedGlobals)
    SystemCoreClock                          0x2000000c   Data           4  system_stm32f7xx.o(.data.SystemCoreClock)
    Ultrasonic_us                            0x20000012   Data           2  tim.o(.bss..L_MergedGlobals)
    htim5                                    0x20000014   Data          76  tim.o(.bss..L_MergedGlobals)
    htim6                                    0x20000060   Data          76  tim.o(.bss.htim6)
    huart1                                   0x200000ac   Data         132  usart.o(.bss.huart1)
    uwTick                                   0x20000130   Data           4  stm32f7xx_hal.o(.bss.uwTick)
    __initial_sp                             0x20000538   Data           0  startup_stm32f767xx.o(STACK)



==============================================================================

Memory Map of the image

  Image Entry point : 0x080001f9

  Load Region LR_IROM1 (Base: 0x08000000, Size: 0x00002568, Max: 0x00100000, ABSOLUTE)

    Execution Region ER_IROM1 (Exec base: 0x08000000, Load base: 0x08000000, Size: 0x00002554, Max: 0x00100000, ABSOLUTE)

    Exec Addr    Load Addr    Size         Type   Attr      Idx    E Section Name        Object

    0x08000000   0x08000000   0x000001f8   Data   RO            3    RESET               startup_stm32f767xx.o
    0x080001f8   0x080001f8   0x00000000   Code   RO         1258  * .ARM.Collect$$$$00000000  mc_w.l(entry.o)
    0x080001f8   0x080001f8   0x00000004   Code   RO         1526    .ARM.Collect$$$$00000001  mc_w.l(entry2.o)
    0x080001fc   0x080001fc   0x00000004   Code   RO         1529    .ARM.Collect$$$$00000004  mc_w.l(entry5.o)
    0x08000200   0x08000200   0x00000000   Code   RO         1531    .ARM.Collect$$$$00000008  mc_w.l(entry7b.o)
    0x08000200   0x08000200   0x00000000   Code   RO         1533    .ARM.Collect$$$$0000000A  mc_w.l(entry8b.o)
    0x08000200   0x08000200   0x00000008   Code   RO         1534    .ARM.Collect$$$$0000000B  mc_w.l(entry9a.o)
    0x08000208   0x08000208   0x00000000   Code   RO         1536    .ARM.Collect$$$$0000000D  mc_w.l(entry10a.o)
    0x08000208   0x08000208   0x00000000   Code   RO         1538    .ARM.Collect$$$$0000000F  mc_w.l(entry11a.o)
    0x08000208   0x08000208   0x00000004   Code   RO         1527    .ARM.Collect$$$$00002712  mc_w.l(entry2.o)
    0x0800020c   0x0800020c   0x00000024   Code   RO            4    .text               startup_stm32f767xx.o
    0x08000230   0x08000230   0x00000062   Code   RO         1261    .text               mc_w.l(uldiv.o)
    0x08000292   0x08000292   0x00000024   Code   RO         1263    .text               mc_w.l(memseta.o)
    0x080002b6   0x080002b6   0x0000002c   Code   RO         1541    .text               mc_w.l(uidiv.o)
    0x080002e2   0x080002e2   0x0000001e   Code   RO         1543    .text               mc_w.l(llshl.o)
    0x08000300   0x08000300   0x00000020   Code   RO         1545    .text               mc_w.l(llushr.o)
    0x08000320   0x08000320   0x00000024   Code   RO         1558    .text               mc_w.l(init.o)
    0x08000344   0x08000344   0x00000002   Code   RO           82    .text.BusFault_Handler  stm32f7xx_it.o
    0x08000346   0x08000346   0x00000002   Code   RO           88    .text.DebugMon_Handler  stm32f7xx_it.o
    0x08000348   0x08000348   0x00000028   Code   RO           47    .text.Delay_us      tim.o
    0x08000370   0x08000370   0x00000002   Code   RO           15    .text.Error_Handler  main.o
    0x08000372   0x08000372   0x00000002   PAD
    0x08000374   0x08000374   0x00000020   Code   RO          810    .text.HAL_Delay     stm32f7xx_hal.o
    0x08000394   0x08000394   0x00000198   Code   RO          635    .text.HAL_GPIO_Init  stm32f7xx_hal_gpio.o
    0x0800052c   0x0800052c   0x00000010   Code   RO          643    .text.HAL_GPIO_TogglePin  stm32f7xx_hal_gpio.o
    0x0800053c   0x0800053c   0x0000000a   Code   RO          641    .text.HAL_GPIO_WritePin  stm32f7xx_hal_gpio.o
    0x08000546   0x08000546   0x00000002   PAD
    0x08000548   0x08000548   0x00000008   Code   RO          802    .text.HAL_GetTick   stm32f7xx_hal.o
    0x08000550   0x08000550   0x00000014   Code   RO          800    .text.HAL_IncTick   stm32f7xx_hal.o
    0x08000564   0x08000564   0x00000016   Code   RO          790    .text.HAL_Init      stm32f7xx_hal.o
    0x0800057a   0x0800057a   0x00000002   PAD
    0x0800057c   0x0800057c   0x00000040   Code   RO          792    .text.HAL_InitTick  stm32f7xx_hal.o
    0x080005bc   0x080005bc   0x0000002c   Code   RO          106    .text.HAL_MspInit   stm32f7xx_hal_msp.o
    0x080005e8   0x080005e8   0x0000001c   Code   RO          121    .text.HAL_NVIC_EnableIRQ  stm32f7xx_hal_cortex.o
    0x08000604   0x08000604   0x00000038   Code   RO          117    .text.HAL_NVIC_SetPriority  stm32f7xx_hal_cortex.o
    0x0800063c   0x0800063c   0x00000020   Code   RO          115    .text.HAL_NVIC_SetPriorityGrouping  stm32f7xx_hal_cortex.o
    0x0800065c   0x0800065c   0x00000068   Code   RO          771    .text.HAL_PWREx_EnableOverDrive  stm32f7xx_hal_pwr_ex.o
    0x080006c4   0x080006c4   0x00000506   Code   RO          545    .text.HAL_RCCEx_PeriphCLKConfig  stm32f7xx_hal_rcc_ex.o
    0x08000bca   0x08000bca   0x00000002   PAD
    0x08000bcc   0x08000bcc   0x00000138   Code   RO          512    .text.HAL_RCC_ClockConfig  stm32f7xx_hal_rcc.o
    0x08000d04   0x08000d04   0x00000014   Code   RO          524    .text.HAL_RCC_GetPCLK1Freq  stm32f7xx_hal_rcc.o
    0x08000d18   0x08000d18   0x00000020   Code   RO          526    .text.HAL_RCC_GetPCLK2Freq  stm32f7xx_hal_rcc.o
    0x08000d38   0x08000d38   0x00000060   Code   RO          514    .text.HAL_RCC_GetSysClockFreq  stm32f7xx_hal_rcc.o
    0x08000d98   0x08000d98   0x00000354   Code   RO          510    .text.HAL_RCC_OscConfig  stm32f7xx_hal_rcc.o
    0x080010ec   0x080010ec   0x00000028   Code   RO          129    .text.HAL_SYSTICK_Config  stm32f7xx_hal_cortex.o
    0x08001114   0x08001114   0x00000002   Code   RO          493    .text.HAL_TIMEx_Break2Callback  stm32f7xx_hal_tim_ex.o
    0x08001116   0x08001116   0x00000002   Code   RO          491    .text.HAL_TIMEx_BreakCallback  stm32f7xx_hal_tim_ex.o
    0x08001118   0x08001118   0x00000002   Code   RO          487    .text.HAL_TIMEx_CommutCallback  stm32f7xx_hal_tim_ex.o
    0x0800111a   0x0800111a   0x00000002   PAD
    0x0800111c   0x0800111c   0x00000084   Code   RO          477    .text.HAL_TIMEx_MasterConfigSynchronization  stm32f7xx_hal_tim_ex.o
    0x080011a0   0x080011a0   0x00000060   Code   RO          164    .text.HAL_TIM_Base_Init  stm32f7xx_hal_tim.o
    0x08001200   0x08001200   0x0000009c   Code   RO           43    .text.HAL_TIM_Base_MspInit  tim.o
    0x0800129c   0x0800129c   0x00000080   Code   RO          174    .text.HAL_TIM_Base_Start  stm32f7xx_hal_tim.o
    0x0800131c   0x0800131c   0x00000028   Code   RO          176    .text.HAL_TIM_Base_Stop  stm32f7xx_hal_tim.o
    0x08001344   0x08001344   0x000000f8   Code   RO          356    .text.HAL_TIM_ConfigClockSource  stm32f7xx_hal_tim.o
    0x0800143c   0x0800143c   0x00000094   Code   RO           45    .text.HAL_TIM_IC_CaptureCallback  tim.o
    0x080014d0   0x080014d0   0x000000d2   Code   RO          324    .text.HAL_TIM_IC_ConfigChannel  stm32f7xx_hal_tim.o
    0x080015a2   0x080015a2   0x00000060   Code   RO          238    .text.HAL_TIM_IC_Init  stm32f7xx_hal_tim.o
    0x08001602   0x08001602   0x00000002   Code   RO          240    .text.HAL_TIM_IC_MspInit  stm32f7xx_hal_tim.o
    0x08001604   0x08001604   0x00000178   Code   RO          250    .text.HAL_TIM_IC_Start_IT  stm32f7xx_hal_tim.o
    0x0800177c   0x0800177c   0x0000018a   Code   RO          298    .text.HAL_TIM_IRQHandler  stm32f7xx_hal_tim.o
    0x08001906   0x08001906   0x00000002   Code   RO          302    .text.HAL_TIM_OC_DelayElapsedCallback  stm32f7xx_hal_tim.o
    0x08001908   0x08001908   0x00000002   Code   RO          304    .text.HAL_TIM_PWM_PulseFinishedCallback  stm32f7xx_hal_tim.o
    0x0800190a   0x0800190a   0x00000002   Code   RO          306    .text.HAL_TIM_PeriodElapsedCallback  stm32f7xx_hal_tim.o
    0x0800190c   0x0800190c   0x0000002e   Code   RO          370    .text.HAL_TIM_ReadCapturedValue  stm32f7xx_hal_tim.o
    0x0800193a   0x0800193a   0x00000002   Code   RO          308    .text.HAL_TIM_TriggerCallback  stm32f7xx_hal_tim.o
    0x0800193c   0x0800193c   0x00000060   Code   RO         1074    .text.HAL_UART_Init  stm32f7xx_hal_uart.o
    0x0800199c   0x0800199c   0x00000060   Code   RO           64    .text.HAL_UART_MspInit  usart.o
    0x080019fc   0x080019fc   0x000000c8   Code   RO         1094    .text.HAL_UART_Transmit  stm32f7xx_hal_uart.o
    0x08001ac4   0x08001ac4   0x00000002   Code   RO           78    .text.HardFault_Handler  stm32f7xx_it.o
    0x08001ac6   0x08001ac6   0x00000002   PAD
    0x08001ac8   0x08001ac8   0x00000090   Code   RO           26    .text.MX_GPIO_Init  gpio.o
    0x08001b58   0x08001b58   0x000000a0   Code   RO           39    .text.MX_TIM5_Init  tim.o
    0x08001bf8   0x08001bf8   0x00000044   Code   RO           41    .text.MX_TIM6_Init  tim.o
    0x08001c3c   0x08001c3c   0x00000048   Code   RO           62    .text.MX_USART1_UART_Init  usart.o
    0x08001c84   0x08001c84   0x00000002   Code   RO           80    .text.MemManage_Handler  stm32f7xx_it.o
    0x08001c86   0x08001c86   0x00000002   Code   RO           76    .text.NMI_Handler   stm32f7xx_it.o
    0x08001c88   0x08001c88   0x00000002   Code   RO           90    .text.PendSV_Handler  stm32f7xx_it.o
    0x08001c8a   0x08001c8a   0x00000002   Code   RO           86    .text.SVC_Handler   stm32f7xx_it.o
    0x08001c8c   0x08001c8c   0x00000028   Code   RO           28    .text.Sonic_Trig    gpio.o
    0x08001cb4   0x08001cb4   0x00000004   Code   RO           92    .text.SysTick_Handler  stm32f7xx_it.o
    0x08001cb8   0x08001cb8   0x000000a4   Code   RO           13    .text.SystemClock_Config  main.o
    0x08001d5c   0x08001d5c   0x00000010   Code   RO         1243    .text.SystemInit    system_stm32f7xx.o
    0x08001d6c   0x08001d6c   0x0000000c   Code   RO           94    .text.TIM5_IRQHandler  stm32f7xx_it.o
    0x08001d78   0x08001d78   0x0000000c   Code   RO           96    .text.TIM6_DAC_IRQHandler  stm32f7xx_it.o
    0x08001d84   0x08001d84   0x000000bc   Code   RO          168    .text.TIM_Base_SetConfig  stm32f7xx_hal_tim.o
    0x08001e40   0x08001e40   0x0000001e   Code   RO          202    .text.TIM_CCxChannelCmd  stm32f7xx_hal_tim.o
    0x08001e5e   0x08001e5e   0x00000022   Code   RO          358    .text.TIM_TI1_ConfigInputStage  stm32f7xx_hal_tim.o
    0x08001e80   0x08001e80   0x0000007c   Code   RO          326    .text.TIM_TI1_SetConfig  stm32f7xx_hal_tim.o
    0x08001efc   0x08001efc   0x00000022   Code   RO          360    .text.TIM_TI2_ConfigInputStage  stm32f7xx_hal_tim.o
    0x08001f1e   0x08001f1e   0x00000032   Code   RO          328    .text.TIM_TI2_SetConfig  stm32f7xx_hal_tim.o
    0x08001f50   0x08001f50   0x000000aa   Code   RO         1080    .text.UART_AdvFeatureConfig  stm32f7xx_hal_uart.o
    0x08001ffa   0x08001ffa   0x00000060   Code   RO         1082    .text.UART_CheckIdleState  stm32f7xx_hal_uart.o
    0x0800205a   0x0800205a   0x00000002   PAD
    0x0800205c   0x0800205c   0x00000190   Code   RO         1078    .text.UART_SetConfig  stm32f7xx_hal_uart.o
    0x080021ec   0x080021ec   0x0000009a   Code   RO         1096    .text.UART_WaitOnFlagUntilTimeout  stm32f7xx_hal_uart.o
    0x08002286   0x08002286   0x00000002   Code   RO           84    .text.UsageFault_Handler  stm32f7xx_it.o
    0x08002288   0x08002288   0x00000024   Code   RO          119    .text.__NVIC_SetPriority  stm32f7xx_hal_cortex.o
    0x080022ac   0x080022ac   0x0000002c   Code   RO           60    .text.fputc         usart.o
    0x080022d8   0x080022d8   0x00000090   Code   RO           11    .text.main          main.o
    0x08002368   0x08002368   0x00000020   Code   RO         1310    i.__0printf$1       mc_w.l(printf1.o)
    0x08002388   0x08002388   0x0000000e   Code   RO         1566    i.__scatterload_copy  mc_w.l(handlers.o)
    0x08002396   0x08002396   0x00000002   Code   RO         1567    i.__scatterload_null  mc_w.l(handlers.o)
    0x08002398   0x08002398   0x0000000e   Code   RO         1568    i.__scatterload_zeroinit  mc_w.l(handlers.o)
    0x080023a6   0x080023a6   0x00000002   PAD
    0x080023a8   0x080023a8   0x00000154   Code   RO         1317    i._printf_core      mc_w.l(printf1.o)
    0x080024fc   0x080024fc   0x00000010   Data   RO         1248    .rodata.AHBPrescTable  system_stm32f7xx.o
    0x0800250c   0x0800250c   0x00000008   Data   RO         1249    .rodata.APBPrescTable  system_stm32f7xx.o
    0x08002514   0x08002514   0x00000020   Data   RO         1204    .rodata.cst16       stm32f7xx_hal_uart.o
    0x08002534   0x08002534   0x00000020   Data   RO         1565    Region$$Table       anon$$obj.o


    Execution Region RW_IRAM1 (Exec base: 0x20000000, Load base: 0x08002558, Size: 0x00000538, Max: 0x00080000, ABSOLUTE)

    Exec Addr    Load Addr    Size         Type   Attr      Idx    E Section Name        Object

    0x20000000   0x08002558   0x00000004   Data   RW         1540    .data               mc_w.l(stdout.o)
    0x20000004   0x0800255c   0x00000008   Data   RW          853    .data..L_MergedGlobals  stm32f7xx_hal.o
    0x2000000c   0x08002564   0x00000004   Data   RW         1247    .data.SystemCoreClock  system_stm32f7xx.o
    0x20000010        -       0x00000050   Zero   RW           50    .bss..L_MergedGlobals  tim.o
    0x20000060        -       0x0000004c   Zero   RW           49    .bss.htim6          tim.o
    0x200000ac        -       0x00000084   Zero   RW           66    .bss.huart1         usart.o
    0x20000130        -       0x00000004   Zero   RW          852    .bss.uwTick         stm32f7xx_hal.o
    0x20000134   0x08002568   0x00000004   PAD
    0x20000138        -       0x00000400   Zero   RW            1    STACK               startup_stm32f767xx.o


==============================================================================

Image component sizes


      Code (inc. data)   RO Data    RW Data    ZI Data      Debug   Object Name

       184         12          0          0          0       2422   gpio.o
       310         56          0          0          0       4307   main.o
        36          8        504          0       1024        864   startup_stm32f767xx.o
       146         12          0          8          4       8317   stm32f7xx_hal.o
       192         28          0          0          0      11175   stm32f7xx_hal_cortex.o
       434         24          0          0          0       5151   stm32f7xx_hal_gpio.o
        44          0          0          0          0       1549   stm32f7xx_hal_msp.o
       104          4          0          0          0       5666   stm32f7xx_hal_pwr_ex.o
      1312         44          0          0          0       7618   stm32f7xx_hal_rcc.o
      1286         12          0          0          0       6787   stm32f7xx_hal_rcc_ex.o
      2104        124          0          0          0      43266   stm32f7xx_hal_tim.o
       138          0          0          0          0      18752   stm32f7xx_hal_tim_ex.o
      1116         72         32          0          0      21310   stm32f7xx_hal_uart.o
        44          8          0          0          0       1220   stm32f7xx_it.o
        16          4         24          4          0       3324   system_stm32f7xx.o
       572         52          0          0        156       9118   tim.o
       212         12          0          0        132       5616   usart.o

    ----------------------------------------------------------------------
      8264        472        592         12       1320     156462   Object Totals
         0          0         32          0          0          0   (incl. Generated)
        14          0          0          0          4          0   (incl. Padding)

    ----------------------------------------------------------------------

      Code (inc. data)   RO Data    RW Data    ZI Data      Debug   Library Member Name

         0          0          0          0          0          0   entry.o
         0          0          0          0          0          0   entry10a.o
         0          0          0          0          0          0   entry11a.o
         8          4          0          0          0          0   entry2.o
         4          0          0          0          0          0   entry5.o
         0          0          0          0          0          0   entry7b.o
         0          0          0          0          0          0   entry8b.o
         8          4          0          0          0          0   entry9a.o
        30          0          0          0          0          0   handlers.o
        36          8          0          0          0         68   init.o
        30          0          0          0          0         68   llshl.o
        32          0          0          0          0         68   llushr.o
        36          0          0          0          0        108   memseta.o
       372         14          0          0          0        184   printf1.o
         0          0          0          4          0          0   stdout.o
        44          0          0          0          0         80   uidiv.o
        98          0          0          0          0         92   uldiv.o

    ----------------------------------------------------------------------
       700         30          0          4          0        668   Library Totals
         2          0          0          0          0          0   (incl. Padding)

    ----------------------------------------------------------------------

      Code (inc. data)   RO Data    RW Data    ZI Data      Debug   Library Name

       698         30          0          4          0        668   mc_w.l

    ----------------------------------------------------------------------
       700         30          0          4          0        668   Library Totals

    ----------------------------------------------------------------------

==============================================================================


      Code (inc. data)   RO Data    RW Data    ZI Data      Debug   

      8964        502        592         16       1320     156834   Grand Totals
      8964        502        592         16       1320     156834   ELF Image Totals
      8964        502        592         16          0          0   ROM Totals

==============================================================================

    Total RO  Size (Code + RO Data)                 9556 (   9.33kB)
    Total RW  Size (RW Data + ZI Data)              1336 (   1.30kB)
    Total ROM Size (Code + RO Data + RW Data)       9572 (   9.35kB)

==============================================================================

